$ node --import tsx --test 'test/**/*.test.ts'
✔ meta endpoint reports resource and endpoint totals from the generated OpenAPI doc (18.579125ms)
✔ root redirects to the Swagger UI and index.html serves the UI shell (0.6155ms)
✔ api responses include browser CORS headers (0.597292ms)
✔ api supports CORS preflight requests (0.277875ms)
▶ all resources expose collection and item GET endpoints
  ✔ Activities (0.673375ms)
  ✔ Authors (0.576167ms)
  ✔ Books (1.218875ms)
  ✔ CoverPhotos (0.442583ms)
  ✔ Users (2.2715ms)
  ✔ Products (1.880584ms)
  ✔ Categories (0.345667ms)
  ✔ Orders (3.531417ms)
  ✔ OrderItems (0.3635ms)
  ✔ Customers (5.887542ms)
  ✔ Employees (1.256666ms)
  ✔ Departments (0.792125ms)
  ✔ Companies (0.474958ms)
  ✔ Projects (0.971667ms)
  ✔ Tasks (0.3425ms)
  ✔ Tags (0.229209ms)
  ✔ Comments (0.240625ms)
  ✔ Posts (1.327625ms)
  ✔ Articles (1.42525ms)
  ✔ Reviews (1.783125ms)
  ✔ Notifications (0.273416ms)
  ✔ Events (0.908375ms)
  ✔ Tickets (0.255791ms)
  ✔ Venues (0.19525ms)
  ✔ Cities (0.219ms)
  ✔ Countries (0.212667ms)
  ✔ Addresses (0.23825ms)
  ✔ Suppliers (0.237459ms)
  ✔ Warehouses (0.18725ms)
  ✔ Inventories (0.206667ms)
  ✔ Shipments (0.285917ms)
  ✔ Invoices (1.06225ms)
  ✔ Payments (0.255542ms)
  ✔ Coupons (0.242417ms)
  ✔ Carts (1.291542ms)
  ✔ Wishlists (1.327625ms)
  ✔ Subscriptions (0.347709ms)
  ✔ Plans (0.240209ms)
  ✔ Roles (0.268083ms)
  ✔ Permissions (0.240542ms)
  ✔ Sessions (0.694166ms)
  ✔ Logs (0.472084ms)
  ✔ Files (0.338375ms)
  ✔ Folders (0.458958ms)
  ✔ Genres (1.147417ms)
  ✔ Movies (0.294834ms)
  ✔ Songs (0.251584ms)
  ✔ Albums (0.264958ms)
  ✔ Artists (0.2175ms)
  ✔ Playlists (2.097125ms)
  ✔ Teams (0.267125ms)
  ✔ Players (0.241625ms)
  ✔ Matches (0.263416ms)
  ✔ Recipes (0.478166ms)
  ✔ Restaurants (1.501833ms)
  ✔ Hotels (1.268583ms)
  ✔ Bookings (0.322167ms)
  ✔ Flights (0.560084ms)
  ✔ Cars (0.210083ms)
  ✔ Currencies (0.241625ms)
  ✔ Languages (0.210416ms)
  ✔ Brands (0.229208ms)
  ✔ CartItems (0.339875ms)
  ✔ WishlistItems (0.267792ms)
  ✔ Likes (0.324375ms)
  ✔ Follows (0.302ms)
  ✔ Messages (0.4115ms)
  ✔ Conversations (2.866375ms)
  ✔ ProductVariants (0.298666ms)
  ✔ Returns (0.2915ms)
  ✔ ReviewReplies (0.335458ms)
  ✔ ArticleTags (0.301ms)
  ✔ PageViews (0.297875ms)
  ✔ UserActivity (0.25825ms)
  ✔ Ratings (0.2495ms)
  ✔ Banners (1.966459ms)
  ✔ Promotions (0.432666ms)
  ✔ Discounts (0.195583ms)
  ✔ Favorites (0.277792ms)
  ✔ SearchQueries (0.2825ms)
  ✔ Badges (0.240792ms)
  ✔ UserBadges (0.320167ms)
  ✔ Reports (0.231834ms)
  ✔ Refunds (0.346208ms)
  ✔ Vendors (3.077834ms)
  ✔ Transactions (0.580334ms)
  ✔ CouponUsages (0.520917ms)
  ✔ Preferences (0.304458ms)
  ✔ PaymentMethods (0.660833ms)
  ✔ CustomerAddresses (0.418291ms)
  ✔ OrderNotes (0.405792ms)
  ✔ ShipmentEvents (0.456542ms)
  ✔ InvoiceItems (0.450667ms)
  ✔ LoyaltyAccounts (3.006958ms)
  ✔ LoyaltyTransactions (0.399041ms)
  ✔ EventAttendees (0.283834ms)
  ✔ PlaylistItems (0.335416ms)
  ✔ RecipeIngredients (0.198208ms)
  ✔ RestaurantMenus (2.456709ms)
  ✔ MenuItems (0.419291ms)
  ✔ CompanyOffices (0.337625ms)
  ✔ EmployeeSkills (0.353459ms)
  ✔ SupplierProducts (0.388375ms)
  ✔ FlightBookings (0.410125ms)
  ✔ PromotionProducts (0.236667ms)
  ✔ BannerPlacements (0.308458ms)
  ✔ SupportTickets (3.612959ms)
  ✔ TicketReplies (0.482417ms)
✔ all resources expose collection and item GET endpoints (79.963791ms)
▶ all resources expose generic mutation endpoints
  ✔ Activities (0.5065ms)
  ✔ Authors (0.257542ms)
  ✔ Books (0.32525ms)
  ✔ CoverPhotos (0.290291ms)
  ✔ Users (0.466209ms)
  ✔ Products (0.426958ms)
  ✔ Categories (0.34975ms)
  ✔ Orders (0.547416ms)
  ✔ OrderItems (0.933458ms)
  ✔ Customers (0.829375ms)
  ✔ Employees (0.394875ms)
  ✔ Departments (0.322458ms)
  ✔ Companies (0.257375ms)
  ✔ Projects (0.335417ms)
  ✔ Tasks (0.228334ms)
  ✔ Tags (0.197167ms)
  ✔ Comments (0.196791ms)
  ✔ Posts (0.2945ms)
  ✔ Articles (0.291458ms)
  ✔ Reviews (0.308709ms)
  ✔ Notifications (0.249625ms)
  ✔ Events (0.273041ms)
  ✔ Tickets (0.281625ms)
  ✔ Venues (0.17475ms)
  ✔ Cities (0.176833ms)
  ✔ Countries (0.18025ms)
  ✔ Addresses (0.204709ms)
  ✔ Suppliers (0.184833ms)
  ✔ Warehouses (0.191708ms)
  ✔ Inventories (0.1845ms)
  ✔ Shipments (0.335042ms)
  ✔ Invoices (0.392167ms)
  ✔ Payments (0.230333ms)
  ✔ Coupons (0.241167ms)
  ✔ Carts (0.404584ms)
  ✔ Wishlists (0.517583ms)
  ✔ Subscriptions (0.185791ms)
  ✔ Plans (0.183208ms)
  ✔ Roles (1.405708ms)
  ✔ Permissions (0.303167ms)
  ✔ Sessions (0.282958ms)
  ✔ Logs (0.260083ms)
  ✔ Files (0.2205ms)
  ✔ Folders (0.246584ms)
  ✔ Genres (0.225333ms)
  ✔ Movies (0.415667ms)
  ✔ Songs (0.253125ms)
  ✔ Albums (0.265041ms)
  ✔ Artists (0.261209ms)
  ✔ Playlists (0.477833ms)
  ✔ Teams (0.266375ms)
  ✔ Players (0.241792ms)
  ✔ Matches (0.4845ms)
  ✔ Recipes (0.274417ms)
  ✔ Restaurants (0.38875ms)
  ✔ Hotels (0.362ms)
  ✔ Bookings (0.281375ms)
  ✔ Flights (0.327125ms)
  ✔ Cars (0.512709ms)
  ✔ Currencies (0.252583ms)
  ✔ Languages (0.182625ms)
  ✔ Brands (0.199834ms)
  ✔ CartItems (0.195959ms)
  ✔ WishlistItems (0.207958ms)
  ✔ Likes (0.226417ms)
  ✔ Follows (0.172375ms)
  ✔ Messages (0.1835ms)
  ✔ Conversations (0.328917ms)
  ✔ ProductVariants (0.171ms)
  ✔ Returns (0.187625ms)
  ✔ ReviewReplies (2.543417ms)
  ✔ ArticleTags (0.194708ms)
  ✔ PageViews (0.18175ms)
  ✔ UserActivity (0.168125ms)
  ✔ Ratings (0.1965ms)
  ✔ Banners (0.372583ms)
  ✔ Promotions (0.222042ms)
  ✔ Discounts (0.189333ms)
  ✔ Favorites (0.162792ms)
  ✔ SearchQueries (0.148959ms)
  ✔ Badges (0.151541ms)
  ✔ UserBadges (0.17375ms)
  ✔ Reports (0.170917ms)
  ✔ Refunds (0.244958ms)
  ✔ Vendors (0.372792ms)
  ✔ Transactions (0.182583ms)
  ✔ CouponUsages (0.195084ms)
  ✔ Preferences (0.164ms)
  ✔ PaymentMethods (0.231417ms)
  ✔ CustomerAddresses (0.207416ms)
  ✔ OrderNotes (0.192542ms)
  ✔ ShipmentEvents (0.184334ms)
  ✔ InvoiceItems (0.188417ms)
  ✔ LoyaltyAccounts (0.354792ms)
  ✔ LoyaltyTransactions (0.193834ms)
  ✔ EventAttendees (0.173875ms)
  ✔ PlaylistItems (0.175042ms)
  ✔ RecipeIngredients (0.158167ms)
  ✔ RestaurantMenus (0.313417ms)
  ✔ MenuItems (0.172167ms)
  ✔ CompanyOffices (0.154042ms)
  ✔ EmployeeSkills (0.149959ms)
  ✔ SupplierProducts (0.166ms)
  ✔ FlightBookings (0.16325ms)
  ✔ PromotionProducts (1.692334ms)
  ✔ BannerPlacements (0.322416ms)
  ✔ SupportTickets (0.463166ms)
  ✔ TicketReplies (0.239375ms)
✔ all resources expose generic mutation endpoints (36.082084ms)
✔ collection endpoints support pagination, filters, search, sorting, and field projection (13.600291ms)
✔ relationship collections also support query strings (1.050417ms)
✔ simple collection endpoints do not apply broad query controls (0.330916ms)
✔ mutations are fake and do not persist into subsequent GET responses (0.192125ms)
✔ relationship-rich endpoints return nested real-world objects (0.844166ms)
✔ relationship traversal endpoints stay aligned with embedded relationship payloads (1.44575ms)
✔ swagger json exposes the generated API surface including relationship paths (3.148791ms)
✔ expanded relationship endpoints are functional across domains (3.538542ms)
✔ swagger yaml is served inline and parses to the same API surface as swagger json (145.604666ms)
✔ OpenAPI route params and search query params match the Hono fake API (13.303709ms)
▶ all documented GET responses match Hono status, body, and client-visible response metadata
  ✔ /api/v1/Activities (22.097417ms)
  ✔ /api/v1/Activities/1 (0.719083ms)
  ✔ /api/v1/Authors (0.657334ms)
  ✔ /api/v1/Authors/1 (0.461083ms)
  ✔ /api/v1/Books (1.271ms)
  ✔ /api/v1/Books/1 (0.362042ms)
  ✔ /api/v1/CoverPhotos (1.960417ms)
  ✔ /api/v1/CoverPhotos/1 (0.373958ms)
  ✔ /api/v1/Users (3.874375ms)
  ✔ /api/v1/Users/1 (0.458541ms)
  ✔ /api/v1/Products (2.873583ms)
  ✔ /api/v1/Products/1 (0.311875ms)
  ✔ /api/v1/Categories (0.271917ms)
  ✔ /api/v1/Categories/1 (0.179042ms)
  ✔ /api/v1/Orders (4.791333ms)
  ✔ /api/v1/Orders/1 (0.373833ms)
  ✔ /api/v1/OrderItems (0.238875ms)
  ✔ /api/v1/OrderItems/1 (0.173125ms)
  ✔ /api/v1/Customers (9.561083ms)
  ✔ /api/v1/Customers/1 (0.591542ms)
  ✔ /api/v1/Employees (2.705584ms)
  ✔ /api/v1/Employees/1 (0.33725ms)
  ✔ /api/v1/Departments (1.711667ms)
  ✔ /api/v1/Departments/1 (0.241458ms)
  ✔ /api/v1/Companies (0.773917ms)
  ✔ /api/v1/Companies/1 (0.179208ms)
  ✔ /api/v1/Projects (1.59025ms)
  ✔ /api/v1/Projects/1 (0.2235ms)
  ✔ /api/v1/Tasks (0.438583ms)
  ✔ /api/v1/Tasks/1 (0.153083ms)
  ✔ /api/v1/Tags (0.193583ms)
  ✔ /api/v1/Tags/1 (0.157792ms)
  ✔ /api/v1/Comments (0.264042ms)
  ✔ /api/v1/Comments/1 (0.144666ms)
  ✔ /api/v1/Posts (1.698541ms)
  ✔ /api/v1/Posts/1 (0.27825ms)
  ✔ /api/v1/Articles (2.447708ms)
  ✔ /api/v1/Articles/1 (0.290333ms)
  ✔ /api/v1/Reviews (2.693666ms)
  ✔ /api/v1/Reviews/1 (0.237292ms)
  ✔ /api/v1/Notifications (0.341ms)
  ✔ /api/v1/Notifications/1 (0.147334ms)
  ✔ /api/v1/Events (1.585167ms)
  ✔ /api/v1/Events/1 (0.276666ms)
  ✔ /api/v1/Tickets (0.261458ms)
  ✔ /api/v1/Tickets/1 (0.154ms)
  ✔ /api/v1/Venues (0.196792ms)
  ✔ /api/v1/Venues/1 (0.132458ms)
  ✔ /api/v1/Cities (0.184917ms)
  ✔ /api/v1/Cities/1 (0.1085ms)
  ✔ /api/v1/Countries (0.181625ms)
  ✔ /api/v1/Countries/1 (0.131292ms)
  ✔ /api/v1/Addresses (0.177458ms)
  ✔ /api/v1/Addresses/1 (0.105958ms)
  ✔ /api/v1/Suppliers (0.182833ms)
  ✔ /api/v1/Suppliers/1 (0.109042ms)
  ✔ /api/v1/Warehouses (0.142542ms)
  ✔ /api/v1/Warehouses/1 (0.103542ms)
  ✔ /api/v1/Inventories (0.292834ms)
  ✔ /api/v1/Inventories/1 (0.389708ms)
  ✔ /api/v1/Shipments (0.325834ms)
  ✔ /api/v1/Shipments/1 (0.190458ms)
  ✔ /api/v1/Invoices (2.02525ms)
  ✔ /api/v1/Invoices/1 (0.229875ms)
  ✔ /api/v1/Payments (0.936583ms)
  ✔ /api/v1/Payments/1 (0.199833ms)
  ✔ /api/v1/Coupons (0.463334ms)
  ✔ /api/v1/Coupons/1 (0.161584ms)
  ✔ /api/v1/Carts (2.1375ms)
  ✔ /api/v1/Carts/1 (0.198916ms)
  ✔ /api/v1/Wishlists (2.096916ms)
  ✔ /api/v1/Wishlists/1 (0.201292ms)
  ✔ /api/v1/Subscriptions (0.407584ms)
  ✔ /api/v1/Subscriptions/1 (0.139834ms)
  ✔ /api/v1/Plans (0.181292ms)
  ✔ /api/v1/Plans/1 (0.113ms)
  ✔ /api/v1/Roles (0.185167ms)
  ✔ /api/v1/Roles/1 (0.133ms)
  ✔ /api/v1/Permissions (0.187166ms)
  ✔ /api/v1/Permissions/1 (0.109917ms)
  ✔ /api/v1/Sessions (0.360916ms)
  ✔ /api/v1/Sessions/1 (0.113458ms)
  ✔ /api/v1/Logs (0.253375ms)
  ✔ /api/v1/Logs/1 (0.110583ms)
  ✔ /api/v1/Files (0.209167ms)
  ✔ /api/v1/Files/1 (0.127292ms)
  ✔ /api/v1/Folders (0.194625ms)
  ✔ /api/v1/Folders/1 (0.113834ms)
  ✔ /api/v1/Genres (0.137833ms)
  ✔ /api/v1/Genres/1 (0.122791ms)
  ✔ /api/v1/Movies (0.191792ms)
  ✔ /api/v1/Movies/1 (0.115458ms)
  ✔ /api/v1/Songs (0.435958ms)
  ✔ /api/v1/Songs/1 (0.2555ms)
  ✔ /api/v1/Albums (0.302333ms)
  ✔ /api/v1/Albums/1 (0.178666ms)
  ✔ /api/v1/Artists (0.266666ms)
  ✔ /api/v1/Artists/1 (0.162917ms)
  ✔ /api/v1/Playlists (4.412583ms)
  ✔ /api/v1/Playlists/1 (0.294ms)
  ✔ /api/v1/Teams (0.216292ms)
  ✔ /api/v1/Teams/1 (0.152125ms)
  ✔ /api/v1/Players (0.238625ms)
  ✔ /api/v1/Players/1 (0.135666ms)
  ✔ /api/v1/Matches (0.212166ms)
  ✔ /api/v1/Matches/1 (0.132041ms)
  ✔ /api/v1/Recipes (0.744416ms)
  ✔ /api/v1/Recipes/1 (0.292834ms)
  ✔ /api/v1/Restaurants (2.739875ms)
  ✔ /api/v1/Restaurants/1 (0.230334ms)
  ✔ /api/v1/Hotels (2.1955ms)
  ✔ /api/v1/Hotels/1 (0.198417ms)
  ✔ /api/v1/Bookings (0.412208ms)
  ✔ /api/v1/Bookings/1 (0.130667ms)
  ✔ /api/v1/Flights (1.273542ms)
  ✔ /api/v1/Flights/1 (0.208541ms)
  ✔ /api/v1/Cars (0.209833ms)
  ✔ /api/v1/Cars/1 (0.120958ms)
  ✔ /api/v1/Currencies (0.239375ms)
  ✔ /api/v1/Currencies/1 (0.137042ms)
  ✔ /api/v1/Languages (0.19275ms)
  ✔ /api/v1/Languages/1 (0.114916ms)
  ✔ /api/v1/Brands (0.22325ms)
  ✔ /api/v1/Brands/1 (0.106166ms)
  ✔ /api/v1/CartItems (0.404542ms)
  ✔ /api/v1/CartItems/1 (0.11875ms)
  ✔ /api/v1/WishlistItems (0.333583ms)
  ✔ /api/v1/WishlistItems/1 (0.178791ms)
  ✔ /api/v1/Likes (0.505209ms)
  ✔ /api/v1/Likes/1 (0.142792ms)
  ✔ /api/v1/Follows (0.452792ms)
  ✔ /api/v1/Follows/1 (0.116167ms)
  ✔ /api/v1/Messages (0.558833ms)
  ✔ /api/v1/Messages/1 (0.12725ms)
  ✔ /api/v1/Conversations (4.1545ms)
  ✔ /api/v1/Conversations/1 (0.373333ms)
  ✔ /api/v1/ProductVariants (1.159542ms)
  ✔ /api/v1/ProductVariants/1 (0.215583ms)
  ✔ /api/v1/Returns (0.456792ms)
  ✔ /api/v1/Returns/1 (0.148625ms)
  ✔ /api/v1/ReviewReplies (0.446167ms)
  ✔ /api/v1/ReviewReplies/1 (0.108583ms)
  ✔ /api/v1/ArticleTags (0.383708ms)
  ✔ /api/v1/ArticleTags/1 (0.104709ms)
  ✔ /api/v1/PageViews (0.372083ms)
  ✔ /api/v1/PageViews/1 (0.09875ms)
  ✔ /api/v1/UserActivity (0.38075ms)
  ✔ /api/v1/UserActivity/1 (0.100208ms)
  ✔ /api/v1/Ratings (0.320458ms)
  ✔ /api/v1/Ratings/1 (0.113583ms)
  ✔ /api/v1/Banners (3.690916ms)
  ✔ /api/v1/Banners/1 (0.242292ms)
  ✔ /api/v1/Promotions (0.813709ms)
  ✔ /api/v1/Promotions/1 (0.15ms)
  ✔ /api/v1/Discounts (0.214167ms)
  ✔ /api/v1/Discounts/1 (0.118125ms)
  ✔ /api/v1/Favorites (0.945458ms)
  ✔ /api/v1/Favorites/1 (0.253458ms)
  ✔ /api/v1/SearchQueries (0.445167ms)
  ✔ /api/v1/SearchQueries/1 (0.118583ms)
  ✔ /api/v1/Badges (0.27375ms)
  ✔ /api/v1/Badges/1 (0.337042ms)
  ✔ /api/v1/UserBadges (0.462708ms)
  ✔ /api/v1/UserBadges/1 (0.111792ms)
  ✔ /api/v1/Reports (0.288583ms)
  ✔ /api/v1/Reports/1 (0.129708ms)
  ✔ /api/v1/Refunds (0.408875ms)
  ✔ /api/v1/Refunds/1 (0.11525ms)
  ✔ /api/v1/Vendors (4.571042ms)
  ✔ /api/v1/Vendors/1 (0.303375ms)
  ✔ /api/v1/Transactions (0.858083ms)
  ✔ /api/v1/Transactions/1 (0.133166ms)
  ✔ /api/v1/CouponUsages (0.723625ms)
  ✔ /api/v1/CouponUsages/1 (0.122ms)
  ✔ /api/v1/Preferences (0.24925ms)
  ✔ /api/v1/Preferences/1 (0.114084ms)
  ✔ /api/v1/PaymentMethods (0.589708ms)
  ✔ /api/v1/PaymentMethods/1 (0.105917ms)
  ✔ /api/v1/CustomerAddresses (0.767333ms)
  ✔ /api/v1/CustomerAddresses/1 (0.137375ms)
  ✔ /api/v1/OrderNotes (0.639459ms)
  ✔ /api/v1/OrderNotes/1 (0.151042ms)
  ✔ /api/v1/ShipmentEvents (0.927375ms)
  ✔ /api/v1/ShipmentEvents/1 (0.176083ms)
  ✔ /api/v1/InvoiceItems (0.739583ms)
  ✔ /api/v1/InvoiceItems/1 (0.148625ms)
  ✔ /api/v1/LoyaltyAccounts (5.892334ms)
  ✔ /api/v1/LoyaltyAccounts/1 (0.231958ms)
  ✔ /api/v1/LoyaltyTransactions (0.74875ms)
  ✔ /api/v1/LoyaltyTransactions/1 (0.127625ms)
  ✔ /api/v1/EventAttendees (0.469375ms)
  ✔ /api/v1/EventAttendees/1 (0.130083ms)
  ✔ /api/v1/PlaylistItems (3.321834ms)
  ✔ /api/v1/PlaylistItems/1 (0.224208ms)
  ✔ /api/v1/RecipeIngredients (0.266375ms)
  ✔ /api/v1/RecipeIngredients/1 (0.122ms)
  ✔ /api/v1/RestaurantMenus (1.063584ms)
  ✔ /api/v1/RestaurantMenus/1 (0.130208ms)
  ✔ /api/v1/MenuItems (0.566833ms)
  ✔ /api/v1/MenuItems/1 (0.1045ms)
  ✔ /api/v1/CompanyOffices (0.483541ms)
  ✔ /api/v1/CompanyOffices/1 (0.102792ms)
  ✔ /api/v1/EmployeeSkills (0.528167ms)
  ✔ /api/v1/EmployeeSkills/1 (0.13625ms)
  ✔ /api/v1/SupplierProducts (0.733541ms)
  ✔ /api/v1/SupplierProducts/1 (0.18425ms)
  ✔ /api/v1/FlightBookings (0.643666ms)
  ✔ /api/v1/FlightBookings/1 (0.110125ms)
  ✔ /api/v1/PromotionProducts (0.331125ms)
  ✔ /api/v1/PromotionProducts/1 (0.124125ms)
  ✔ /api/v1/BannerPlacements (0.30575ms)
  ✔ /api/v1/BannerPlacements/1 (0.093833ms)
  ✔ /api/v1/SupportTickets (7.250875ms)
  ✔ /api/v1/SupportTickets/1 (0.250458ms)
  ✔ /api/v1/TicketReplies (0.592459ms)
  ✔ /api/v1/TicketReplies/1 (0.115792ms)
  ✔ /api/v1/Authors/authors/books/1 (0.256167ms)
  ✔ /api/v1/CoverPhotos/books/covers/1 (0.188833ms)
  ✔ /api/v1/Books/1/authors (0.1625ms)
  ✔ /api/v1/Books/1/coverPhotos (0.129459ms)
  ✔ /api/v1/Customers/1/orders (0.378667ms)
  ✔ /api/v1/Customers/1/reviews (3.265792ms)
  ✔ /api/v1/Orders/1/items (0.399209ms)
  ✔ /api/v1/Orders/1/refunds (0.373958ms)
  ✔ /api/v1/Products/1/reviews (0.243292ms)
  ✔ /api/v1/Products/1/variants (0.363375ms)
  ✔ /api/v1/Products/1/favorites (0.405209ms)
  ✔ /api/v1/Projects/1/tasks (0.261541ms)
  ✔ /api/v1/Carts/1/items (0.23025ms)
  ✔ /api/v1/Wishlists/1/items (0.237042ms)
  ✔ /api/v1/Users/1/badges (0.379167ms)
  ✔ /api/v1/Hotels/1/bookings (0.204625ms)
  ✔ /api/v1/Articles/1/tags (0.20575ms)
  ✔ /api/v1/Departments/1/employees (0.161458ms)
  ✔ /api/v1/Vendors/1/transactions (0.232792ms)
  ✔ /api/v1/Reviews/1/replies (0.183542ms)
  ✔ /api/v1/Conversations/1/messages (0.210042ms)
  ✔ /api/v1/Customers/1/carts (2.314041ms)
  ✔ /api/v1/Customers/1/wishlists (2.207583ms)
  ✔ /api/v1/Customers/1/paymentMethods (0.652792ms)
  ✔ /api/v1/Customers/1/addresses (0.829125ms)
  ✔ /api/v1/Customers/1/loyaltyAccounts (6.08775ms)
  ✔ /api/v1/Employees/1/projects (1.393417ms)
  ✔ /api/v1/Employees/1/skills (0.388958ms)
  ✔ /api/v1/Posts/1/comments (0.212625ms)
  ✔ /api/v1/Events/1/tickets (0.195792ms)
  ✔ /api/v1/Events/1/attendees (0.291042ms)
  ✔ /api/v1/Playlists/1/items (0.409417ms)
  ✔ /api/v1/Artists/1/albums (0.150833ms)
  ✔ /api/v1/Artists/1/songs (0.117667ms)
  ✔ /api/v1/Albums/1/songs (0.134292ms)
  ✔ /api/v1/Genres/1/movies (0.113792ms)
  ✔ /api/v1/Genres/1/songs (0.104792ms)
  ✔ /api/v1/Countries/1/cities (0.120291ms)
  ✔ /api/v1/Warehouses/1/inventories (0.178333ms)
  ✔ /api/v1/Invoices/1/payments (0.357ms)
  ✔ /api/v1/Invoices/1/items (0.447125ms)
  ✔ /api/v1/Plans/1/subscriptions (0.263333ms)
  ✔ /api/v1/Users/1/favorites (0.3715ms)
  ✔ /api/v1/Users/1/notifications (0.294834ms)
  ✔ /api/v1/Users/1/sessions (0.29875ms)
  ✔ /api/v1/Users/1/pageViews (0.975125ms)
  ✔ /api/v1/Users/1/activities (0.3505ms)
  ✔ /api/v1/Users/1/searchQueries (0.315083ms)
  ✔ /api/v1/Products/1/inventory (0.218291ms)
  ✔ /api/v1/Products/1/orderItems (0.170958ms)
  ✔ /api/v1/Products/1/supplierProducts (0.263709ms)
  ✔ /api/v1/Orders/1/returns (0.381792ms)
  ✔ /api/v1/Orders/1/notes (0.612416ms)
  ✔ /api/v1/Orders/1/couponUsages (0.65475ms)
  ✔ /api/v1/Shipments/1/events (0.386875ms)
  ✔ /api/v1/Flights/1/bookings (0.407083ms)
  ✔ /api/v1/Companies/1/offices (0.2005ms)
  ✔ /api/v1/Recipes/1/ingredients (0.114125ms)
  ✔ /api/v1/Restaurants/1/menus (0.643458ms)
  ✔ /api/v1/RestaurantMenus/1/items (0.2615ms)
  ✔ /api/v1/Promotions/1/products (0.161416ms)
  ✔ /api/v1/Banners/1/placements (0.332792ms)
  ✔ /api/v1/LoyaltyAccounts/1/transactions (0.474417ms)
  ✔ /api/v1/SupportTickets/1/replies (0.414833ms)
  ✔ /api/v1/Suppliers/1/products (0.212042ms)
✔ all documented GET responses match Hono status, body, and client-visible response metadata (202.951667ms)
▶ resource query strings return the same filtered counts, bodies, and pagination headers as Hono
  ✔ /api/v1/Activities?page=2&limit=3 (0.195083ms)
  ✔ /api/v1/Activities?offset=2&limit=2&fields=id,name (0.147333ms)
  ✔ /api/v1/Activities?q=1&sort=-id&limit=5 (0.127667ms)
  ✔ /api/v1/Activities?search=example&limit=4 (0.124833ms)
  ✔ /api/v1/Activities?fields=id&sort=id (0.126458ms)
  ✔ /api/v1/Authors?page=2&limit=3 (0.104084ms)
  ✔ /api/v1/Authors?offset=2&limit=2&fields=id,name (0.094125ms)
  ✔ /api/v1/Authors?q=1&sort=-id&limit=5 (0.094292ms)
  ✔ /api/v1/Authors?search=example&limit=4 (0.098ms)
  ✔ /api/v1/Authors?fields=id&sort=id (0.093708ms)
  ✔ /api/v1/Books?page=2&limit=3 (0.317375ms)
  ✔ /api/v1/Books?offset=2&limit=2&fields=id,name (0.324709ms)
  ✔ /api/v1/Books?q=1&sort=-id&limit=5 (0.34025ms)
  ✔ /api/v1/Books?search=example&limit=4 (0.712834ms)
  ✔ /api/v1/Books?fields=id&sort=id (0.542ms)
  ✔ /api/v1/CoverPhotos?page=2&limit=3 (0.153208ms)
  ✔ /api/v1/CoverPhotos?offset=2&limit=2&fields=id,name (0.215917ms)
  ✔ /api/v1/CoverPhotos?q=1&sort=-id&limit=5 (0.131708ms)
  ✔ /api/v1/CoverPhotos?search=example&limit=4 (0.10975ms)
  ✔ /api/v1/CoverPhotos?fields=id&sort=id (0.102041ms)
  ✔ /api/v1/Users?page=2&limit=3 (3.396291ms)
  ✔ /api/v1/Users?offset=2&limit=2&fields=id,name (3.00675ms)
  ✔ /api/v1/Users?q=1&sort=-id&limit=5 (3.140291ms)
  ✔ /api/v1/Users?search=example&limit=4 (3.0685ms)
  ✔ /api/v1/Users?fields=id&sort=id (3.360416ms)
  ✔ /api/v1/Products?page=2&limit=3 (2.102583ms)
  ✔ /api/v1/Products?offset=2&limit=2&fields=id,name (1.934ms)
  ✔ /api/v1/Products?q=1&sort=-id&limit=5 (2.362792ms)
  ✔ /api/v1/Products?search=example&limit=4 (2.354458ms)
  ✔ /api/v1/Products?fields=id&sort=id (2.784542ms)
  ✔ /api/v1/Categories?page=2&limit=3 (0.2405ms)
  ✔ /api/v1/Categories?offset=2&limit=2&fields=id,name (0.172917ms)
  ✔ /api/v1/Categories?q=1&sort=-id&limit=5 (0.166666ms)
  ✔ /api/v1/Categories?search=example&limit=4 (0.158042ms)
  ✔ /api/v1/Categories?fields=id&sort=id (0.148916ms)
  ✔ /api/v1/Orders?page=2&limit=3 (3.949541ms)
  ✔ /api/v1/Orders?offset=2&limit=2&fields=id,name (3.885375ms)
  ✔ /api/v1/Orders?q=1&sort=-id&limit=5 (4.210334ms)
  ✔ /api/v1/Orders?search=example&limit=4 (4.11425ms)
  ✔ /api/v1/Orders?fields=id&sort=id (3.7815ms)
  ✔ /api/v1/OrderItems?page=2&limit=3 (0.16225ms)
  ✔ /api/v1/OrderItems?offset=2&limit=2&fields=id,name (0.16025ms)
  ✔ /api/v1/OrderItems?q=1&sort=-id&limit=5 (0.123709ms)
  ✔ /api/v1/OrderItems?search=example&limit=4 (0.201041ms)
  ✔ /api/v1/OrderItems?fields=id&sort=id (0.191958ms)
  ✔ /api/v1/Customers?page=2&limit=3 (7.801584ms)
  ✔ /api/v1/Customers?offset=2&limit=2&fields=id,name (7.702208ms)
  ✔ /api/v1/Customers?q=1&sort=-id&limit=5 (8.252375ms)
  ✔ /api/v1/Customers?search=example&limit=4 (8.343959ms)
  ✔ /api/v1/Customers?fields=id&sort=id (7.764541ms)
  ✔ /api/v1/Employees?page=2&limit=3 (2.232708ms)
  ✔ /api/v1/Employees?offset=2&limit=2&fields=id,name (1.91825ms)
  ✔ /api/v1/Employees?q=1&sort=-id&limit=5 (2.028625ms)
  ✔ /api/v1/Employees?search=example&limit=4 (2.235ms)
  ✔ /api/v1/Employees?fields=id&sort=id (2.544792ms)
  ✔ /api/v1/Departments?page=2&limit=3 (1.272792ms)
  ✔ /api/v1/Departments?offset=2&limit=2&fields=id,name (1.154583ms)
  ✔ /api/v1/Departments?q=1&sort=-id&limit=5 (1.158417ms)
  ✔ /api/v1/Departments?search=example&limit=4 (1.185709ms)
  ✔ /api/v1/Departments?fields=id&sort=id (1.112ms)
  ✔ /api/v1/Companies?page=2&limit=3 (0.466291ms)
  ✔ /api/v1/Companies?offset=2&limit=2&fields=id,name (0.458042ms)
  ✔ /api/v1/Companies?q=1&sort=-id&limit=5 (0.446542ms)
  ✔ /api/v1/Companies?search=example&limit=4 (0.423459ms)
  ✔ /api/v1/Companies?fields=id&sort=id (0.432667ms)
  ✔ /api/v1/Projects?page=2&limit=3 (1.353208ms)
  ✔ /api/v1/Projects?offset=2&limit=2&fields=id,name (1.526292ms)
  ✔ /api/v1/Projects?q=1&sort=-id&limit=5 (1.441167ms)
  ✔ /api/v1/Projects?search=example&limit=4 (1.567333ms)
  ✔ /api/v1/Projects?fields=id&sort=id (1.387584ms)
  ✔ /api/v1/Tasks?page=2&limit=3 (0.408291ms)
  ✔ /api/v1/Tasks?offset=2&limit=2&fields=id,name (0.361833ms)
  ✔ /api/v1/Tasks?q=1&sort=-id&limit=5 (0.735542ms)
  ✔ /api/v1/Tasks?search=example&limit=4 (0.384542ms)
  ✔ /api/v1/Tasks?fields=id&sort=id (0.343ms)
  ✔ /api/v1/Tags?page=2&limit=3 (0.123708ms)
  ✔ /api/v1/Tags?offset=2&limit=2&fields=id,name (0.102667ms)
  ✔ /api/v1/Tags?q=1&sort=-id&limit=5 (0.098625ms)
  ✔ /api/v1/Tags?search=example&limit=4 (0.09225ms)
  ✔ /api/v1/Tags?fields=id&sort=id (0.090917ms)
  ✔ /api/v1/Comments?page=2&limit=3 (0.14275ms)
  ✔ /api/v1/Comments?offset=2&limit=2&fields=id,name (0.138792ms)
  ✔ /api/v1/Comments?q=1&sort=-id&limit=5 (0.1345ms)
  ✔ /api/v1/Comments?search=example&limit=4 (0.135667ms)
  ✔ /api/v1/Comments?fields=id&sort=id (0.136041ms)
  ✔ /api/v1/Posts?page=2&limit=3 (1.0575ms)
  ✔ /api/v1/Posts?offset=2&limit=2&fields=id,name (1.09375ms)
  ✔ /api/v1/Posts?q=1&sort=-id&limit=5 (1.41575ms)
  ✔ /api/v1/Posts?search=example&limit=4 (1.31825ms)
  ✔ /api/v1/Posts?fields=id&sort=id (1.181584ms)
  ✔ /api/v1/Articles?page=2&limit=3 (1.940584ms)
  ✔ /api/v1/Articles?offset=2&limit=2&fields=id,name (1.950958ms)
  ✔ /api/v1/Articles?q=1&sort=-id&limit=5 (2.206625ms)
  ✔ /api/v1/Articles?search=example&limit=4 (2.113208ms)
  ✔ /api/v1/Articles?fields=id&sort=id (2.065542ms)
  ✔ /api/v1/Reviews?page=2&limit=3 (2.127791ms)
  ✔ /api/v1/Reviews?offset=2&limit=2&fields=id,name (4.133792ms)
  ✔ /api/v1/Reviews?q=1&sort=-id&limit=5 (2.304167ms)
  ✔ /api/v1/Reviews?search=example&limit=4 (2.196291ms)
  ✔ /api/v1/Reviews?fields=id&sort=id (2.235ms)
  ✔ /api/v1/Notifications?page=2&limit=3 (0.184ms)
  ✔ /api/v1/Notifications?offset=2&limit=2&fields=id,name (0.152583ms)
  ✔ /api/v1/Notifications?q=1&sort=-id&limit=5 (0.276583ms)
  ✔ /api/v1/Notifications?search=example&limit=4 (0.186292ms)
  ✔ /api/v1/Notifications?fields=id&sort=id (0.23275ms)
  ✔ /api/v1/Events?page=2&limit=3 (1.378958ms)
  ✔ /api/v1/Events?offset=2&limit=2&fields=id,name (1.017542ms)
  ✔ /api/v1/Events?q=1&sort=-id&limit=5 (1.363667ms)
  ✔ /api/v1/Events?search=example&limit=4 (1.352334ms)
  ✔ /api/v1/Events?fields=id&sort=id (1.138625ms)
  ✔ /api/v1/Tickets?page=2&limit=3 (0.174917ms)
  ✔ /api/v1/Tickets?offset=2&limit=2&fields=id,name (0.144666ms)
  ✔ /api/v1/Tickets?q=1&sort=-id&limit=5 (0.137709ms)
  ✔ /api/v1/Tickets?search=example&limit=4 (0.139ms)
  ✔ /api/v1/Tickets?fields=id&sort=id (0.164333ms)
  ✔ /api/v1/Venues?page=2&limit=3 (0.139708ms)
  ✔ /api/v1/Venues?offset=2&limit=2&fields=id,name (0.13775ms)
  ✔ /api/v1/Venues?q=1&sort=-id&limit=5 (0.125584ms)
  ✔ /api/v1/Venues?search=example&limit=4 (0.150166ms)
  ✔ /api/v1/Venues?fields=id&sort=id (0.127958ms)
  ✔ /api/v1/Cities?page=2&limit=3 (0.129208ms)
  ✔ /api/v1/Cities?offset=2&limit=2&fields=id,name (0.129583ms)
  ✔ /api/v1/Cities?q=1&sort=-id&limit=5 (0.111417ms)
  ✔ /api/v1/Cities?search=example&limit=4 (0.118084ms)
  ✔ /api/v1/Cities?fields=id&sort=id (0.101791ms)
  ✔ /api/v1/Countries?page=2&limit=3 (0.13125ms)
  ✔ /api/v1/Countries?offset=2&limit=2&fields=id,name (0.120167ms)
  ✔ /api/v1/Countries?q=1&sort=-id&limit=5 (0.122958ms)
  ✔ /api/v1/Countries?search=example&limit=4 (0.121667ms)
  ✔ /api/v1/Countries?fields=id&sort=id (0.17475ms)
  ✔ /api/v1/Addresses?page=2&limit=3 (0.203875ms)
  ✔ /api/v1/Addresses?offset=2&limit=2&fields=id,name (0.14275ms)
  ✔ /api/v1/Addresses?q=1&sort=-id&limit=5 (0.133375ms)
  ✔ /api/v1/Addresses?search=example&limit=4 (0.114458ms)
  ✔ /api/v1/Addresses?fields=id&sort=id (0.118875ms)
  ✔ /api/v1/Suppliers?page=2&limit=3 (0.127875ms)
  ✔ /api/v1/Suppliers?offset=2&limit=2&fields=id,name (0.118666ms)
  ✔ /api/v1/Suppliers?q=1&sort=-id&limit=5 (0.115959ms)
  ✔ /api/v1/Suppliers?search=example&limit=4 (0.809625ms)
  ✔ /api/v1/Suppliers?fields=id&sort=id (0.151333ms)
  ✔ /api/v1/Warehouses?page=2&limit=3 (0.128209ms)
  ✔ /api/v1/Warehouses?offset=2&limit=2&fields=id,name (0.097458ms)
  ✔ /api/v1/Warehouses?q=1&sort=-id&limit=5 (0.096542ms)
  ✔ /api/v1/Warehouses?search=example&limit=4 (0.089584ms)
  ✔ /api/v1/Warehouses?fields=id&sort=id (0.084459ms)
  ✔ /api/v1/Inventories?page=2&limit=3 (0.1215ms)
  ✔ /api/v1/Inventories?offset=2&limit=2&fields=id,name (0.109958ms)
  ✔ /api/v1/Inventories?q=1&sort=-id&limit=5 (0.110625ms)
  ✔ /api/v1/Inventories?search=example&limit=4 (0.120917ms)
  ✔ /api/v1/Inventories?fields=id&sort=id (0.113917ms)
  ✔ /api/v1/Shipments?page=2&limit=3 (0.164125ms)
  ✔ /api/v1/Shipments?offset=2&limit=2&fields=id,name (0.157625ms)
  ✔ /api/v1/Shipments?q=1&sort=-id&limit=5 (0.156666ms)
  ✔ /api/v1/Shipments?search=example&limit=4 (0.15725ms)
  ✔ /api/v1/Shipments?fields=id&sort=id (0.162167ms)
  ✔ /api/v1/Invoices?page=2&limit=3 (1.24225ms)
  ✔ /api/v1/Invoices?offset=2&limit=2&fields=id,name (1.228125ms)
  ✔ /api/v1/Invoices?q=1&sort=-id&limit=5 (1.452584ms)
  ✔ /api/v1/Invoices?search=example&limit=4 (1.254833ms)
  ✔ /api/v1/Invoices?fields=id&sort=id (1.187208ms)
  ✔ /api/v1/Payments?page=2&limit=3 (0.132416ms)
  ✔ /api/v1/Payments?offset=2&limit=2&fields=id,name (0.130666ms)
  ✔ /api/v1/Payments?q=1&sort=-id&limit=5 (0.241958ms)
  ✔ /api/v1/Payments?search=example&limit=4 (0.15475ms)
  ✔ /api/v1/Payments?fields=id&sort=id (0.512416ms)
  ✔ /api/v1/Coupons?page=2&limit=3 (0.310875ms)
  ✔ /api/v1/Coupons?offset=2&limit=2&fields=id,name (0.258625ms)
  ✔ /api/v1/Coupons?q=1&sort=-id&limit=5 (0.209208ms)
  ✔ /api/v1/Coupons?search=example&limit=4 (0.202917ms)
  ✔ /api/v1/Coupons?fields=id&sort=id (0.189375ms)
  ✔ /api/v1/Carts?page=2&limit=3 (2.320292ms)
  ✔ /api/v1/Carts?offset=2&limit=2&fields=id,name (2.018125ms)
  ✔ /api/v1/Carts?q=1&sort=-id&limit=5 (2.676ms)
  ✔ /api/v1/Carts?search=example&limit=4 (2.052792ms)
  ✔ /api/v1/Carts?fields=id&sort=id (2.1065ms)
  ✔ /api/v1/Wishlists?page=2&limit=3 (1.963666ms)
  ✔ /api/v1/Wishlists?offset=2&limit=2&fields=id,name (1.940458ms)
  ✔ /api/v1/Wishlists?q=1&sort=-id&limit=5 (2.002291ms)
  ✔ /api/v1/Wishlists?search=example&limit=4 (2.110375ms)
  ✔ /api/v1/Wishlists?fields=id&sort=id (1.927917ms)
  ✔ /api/v1/Subscriptions?page=2&limit=3 (0.296167ms)
  ✔ /api/v1/Subscriptions?offset=2&limit=2&fields=id,name (0.283167ms)
  ✔ /api/v1/Subscriptions?q=1&sort=-id&limit=5 (0.278208ms)
  ✔ /api/v1/Subscriptions?search=example&limit=4 (0.267625ms)
  ✔ /api/v1/Subscriptions?fields=id&sort=id (0.262667ms)
  ✔ /api/v1/Plans?page=2&limit=3 (0.122125ms)
  ✔ /api/v1/Plans?offset=2&limit=2&fields=id,name (0.11125ms)
  ✔ /api/v1/Plans?q=1&sort=-id&limit=5 (0.106875ms)
  ✔ /api/v1/Plans?search=example&limit=4 (0.103792ms)
  ✔ /api/v1/Plans?fields=id&sort=id (0.104084ms)
  ✔ /api/v1/Roles?page=2&limit=3 (0.110292ms)
  ✔ /api/v1/Roles?offset=2&limit=2&fields=id,name (0.1065ms)
  ✔ /api/v1/Roles?q=1&sort=-id&limit=5 (0.105125ms)
  ✔ /api/v1/Roles?search=example&limit=4 (0.100041ms)
  ✔ /api/v1/Roles?fields=id&sort=id (0.100792ms)
  ✔ /api/v1/Permissions?page=2&limit=3 (0.114583ms)
  ✔ /api/v1/Permissions?offset=2&limit=2&fields=id,name (0.103458ms)
  ✔ /api/v1/Permissions?q=1&sort=-id&limit=5 (0.100708ms)
  ✔ /api/v1/Permissions?search=example&limit=4 (0.102292ms)
  ✔ /api/v1/Permissions?fields=id&sort=id (0.102584ms)
  ✔ /api/v1/Sessions?page=2&limit=3 (0.212125ms)
  ✔ /api/v1/Sessions?offset=2&limit=2&fields=id,name (0.163208ms)
  ✔ /api/v1/Sessions?q=1&sort=-id&limit=5 (0.16425ms)
  ✔ /api/v1/Sessions?search=example&limit=4 (0.171417ms)
  ✔ /api/v1/Sessions?fields=id&sort=id (0.160417ms)
  ✔ /api/v1/Logs?page=2&limit=3 (0.160584ms)
  ✔ /api/v1/Logs?offset=2&limit=2&fields=id,name (0.242291ms)
  ✔ /api/v1/Logs?q=1&sort=-id&limit=5 (0.385709ms)
  ✔ /api/v1/Logs?search=example&limit=4 (0.211167ms)
  ✔ /api/v1/Logs?fields=id&sort=id (0.241959ms)
  ✔ /api/v1/Files?page=2&limit=3 (0.157709ms)
  ✔ /api/v1/Files?offset=2&limit=2&fields=id,name (0.144833ms)
  ✔ /api/v1/Files?q=1&sort=-id&limit=5 (0.144375ms)
  ✔ /api/v1/Files?search=example&limit=4 (0.123792ms)
  ✔ /api/v1/Files?fields=id&sort=id (0.131041ms)
  ✔ /api/v1/Folders?page=2&limit=3 (0.13025ms)
  ✔ /api/v1/Folders?offset=2&limit=2&fields=id,name (0.141792ms)
  ✔ /api/v1/Folders?q=1&sort=-id&limit=5 (0.154333ms)
  ✔ /api/v1/Folders?search=example&limit=4 (0.117041ms)
  ✔ /api/v1/Folders?fields=id&sort=id (0.116166ms)
  ✔ /api/v1/Genres?page=2&limit=3 (0.08675ms)
  ✔ /api/v1/Genres?offset=2&limit=2&fields=id,name (0.674625ms)
  ✔ /api/v1/Genres?q=1&sort=-id&limit=5 (0.118833ms)
  ✔ /api/v1/Genres?search=example&limit=4 (0.109625ms)
  ✔ /api/v1/Genres?fields=id&sort=id (0.098792ms)
  ✔ /api/v1/Movies?page=2&limit=3 (0.149792ms)
  ✔ /api/v1/Movies?offset=2&limit=2&fields=id,name (0.130542ms)
  ✔ /api/v1/Movies?q=1&sort=-id&limit=5 (0.155334ms)
  ✔ /api/v1/Movies?search=example&limit=4 (0.133333ms)
  ✔ /api/v1/Movies?fields=id&sort=id (0.204375ms)
  ✔ /api/v1/Songs?page=2&limit=3 (0.142833ms)
  ✔ /api/v1/Songs?offset=2&limit=2&fields=id,name (0.143ms)
  ✔ /api/v1/Songs?q=1&sort=-id&limit=5 (0.109083ms)
  ✔ /api/v1/Songs?search=example&limit=4 (0.106166ms)
  ✔ /api/v1/Songs?fields=id&sort=id (0.098375ms)
  ✔ /api/v1/Albums?page=2&limit=3 (0.143041ms)
  ✔ /api/v1/Albums?offset=2&limit=2&fields=id,name (0.146167ms)
  ✔ /api/v1/Albums?q=1&sort=-id&limit=5 (0.149834ms)
  ✔ /api/v1/Albums?search=example&limit=4 (0.140083ms)
  ✔ /api/v1/Albums?fields=id&sort=id (0.135791ms)
  ✔ /api/v1/Artists?page=2&limit=3 (0.121958ms)
  ✔ /api/v1/Artists?offset=2&limit=2&fields=id,name (0.102792ms)
  ✔ /api/v1/Artists?q=1&sort=-id&limit=5 (0.094417ms)
  ✔ /api/v1/Artists?search=example&limit=4 (0.09725ms)
  ✔ /api/v1/Artists?fields=id&sort=id (0.092209ms)
  ✔ /api/v1/Playlists?page=2&limit=3 (3.510584ms)
  ✔ /api/v1/Playlists?offset=2&limit=2&fields=id,name (3.451458ms)
  ✔ /api/v1/Playlists?q=1&sort=-id&limit=5 (3.507083ms)
  ✔ /api/v1/Playlists?search=example&limit=4 (3.530042ms)
  ✔ /api/v1/Playlists?fields=id&sort=id (3.527791ms)
  ✔ /api/v1/Teams?page=2&limit=3 (0.112958ms)
  ✔ /api/v1/Teams?offset=2&limit=2&fields=id,name (0.27675ms)
  ✔ /api/v1/Teams?q=1&sort=-id&limit=5 (0.08475ms)
  ✔ /api/v1/Teams?search=example&limit=4 (0.083709ms)
  ✔ /api/v1/Teams?fields=id&sort=id (0.103625ms)
  ✔ /api/v1/Players?page=2&limit=3 (0.105959ms)
  ✔ /api/v1/Players?offset=2&limit=2&fields=id,name (0.109833ms)
  ✔ /api/v1/Players?q=1&sort=-id&limit=5 (0.099625ms)
  ✔ /api/v1/Players?search=example&limit=4 (0.105625ms)
  ✔ /api/v1/Players?fields=id&sort=id (0.09575ms)
  ✔ /api/v1/Matches?page=2&limit=3 (0.147416ms)
  ✔ /api/v1/Matches?offset=2&limit=2&fields=id,name (0.129708ms)
  ✔ /api/v1/Matches?q=1&sort=-id&limit=5 (0.11725ms)
  ✔ /api/v1/Matches?search=example&limit=4 (0.114958ms)
  ✔ /api/v1/Matches?fields=id&sort=id (0.117833ms)
  ✔ /api/v1/Recipes?page=2&limit=3 (0.355292ms)
  ✔ /api/v1/Recipes?offset=2&limit=2&fields=id,name (2.010459ms)
  ✔ /api/v1/Recipes?q=1&sort=-id&limit=5 (0.34175ms)
  ✔ /api/v1/Recipes?search=example&limit=4 (0.34125ms)
  ✔ /api/v1/Recipes?fields=id&sort=id (0.299791ms)
  ✔ /api/v1/Restaurants?page=2&limit=3 (2.148333ms)
  ✔ /api/v1/Restaurants?offset=2&limit=2&fields=id,name (2.23075ms)
  ✔ /api/v1/Restaurants?q=1&sort=-id&limit=5 (2.351708ms)
  ✔ /api/v1/Restaurants?search=example&limit=4 (2.164208ms)
  ✔ /api/v1/Restaurants?fields=id&sort=id (2.287291ms)
  ✔ /api/v1/Hotels?page=2&limit=3 (1.831958ms)
  ✔ /api/v1/Hotels?offset=2&limit=2&fields=id,name (1.784667ms)
  ✔ /api/v1/Hotels?q=1&sort=-id&limit=5 (1.848375ms)
  ✔ /api/v1/Hotels?search=example&limit=4 (1.750916ms)
  ✔ /api/v1/Hotels?fields=id&sort=id (1.844541ms)
  ✔ /api/v1/Bookings?page=2&limit=3 (0.240292ms)
  ✔ /api/v1/Bookings?offset=2&limit=2&fields=id,name (0.208792ms)
  ✔ /api/v1/Bookings?q=1&sort=-id&limit=5 (0.993292ms)
  ✔ /api/v1/Bookings?search=example&limit=4 (0.313333ms)
  ✔ /api/v1/Bookings?fields=id&sort=id (0.290625ms)
  ✔ /api/v1/Flights?page=2&limit=3 (0.428542ms)
  ✔ /api/v1/Flights?offset=2&limit=2&fields=id,name (0.355708ms)
  ✔ /api/v1/Flights?q=1&sort=-id&limit=5 (0.560333ms)
  ✔ /api/v1/Flights?search=example&limit=4 (0.525416ms)
  ✔ /api/v1/Flights?fields=id&sort=id (0.431209ms)
  ✔ /api/v1/Cars?page=2&limit=3 (0.106792ms)
  ✔ /api/v1/Cars?offset=2&limit=2&fields=id,name (0.088042ms)
  ✔ /api/v1/Cars?q=1&sort=-id&limit=5 (0.086125ms)
  ✔ /api/v1/Cars?search=example&limit=4 (0.096917ms)
  ✔ /api/v1/Cars?fields=id&sort=id (0.084333ms)
  ✔ /api/v1/Currencies?page=2&limit=3 (0.11525ms)
  ✔ /api/v1/Currencies?offset=2&limit=2&fields=id,name (0.098667ms)
  ✔ /api/v1/Currencies?q=1&sort=-id&limit=5 (0.096875ms)
  ✔ /api/v1/Currencies?search=example&limit=4 (0.160333ms)
  ✔ /api/v1/Currencies?fields=id&sort=id (0.099583ms)
  ✔ /api/v1/Languages?page=2&limit=3 (0.095917ms)
  ✔ /api/v1/Languages?offset=2&limit=2&fields=id,name (0.090125ms)
  ✔ /api/v1/Languages?q=1&sort=-id&limit=5 (0.089875ms)
  ✔ /api/v1/Languages?search=example&limit=4 (0.086083ms)
  ✔ /api/v1/Languages?fields=id&sort=id (0.087084ms)
  ✔ /api/v1/Brands?page=2&limit=3 (0.097792ms)
  ✔ /api/v1/Brands?offset=2&limit=2&fields=id,name (0.089292ms)
  ✔ /api/v1/Brands?q=1&sort=-id&limit=5 (0.086958ms)
  ✔ /api/v1/Brands?search=example&limit=4 (0.12825ms)
  ✔ /api/v1/Brands?fields=id&sort=id (0.090125ms)
  ✔ /api/v1/CartItems?page=2&limit=3 (0.253042ms)
  ✔ /api/v1/CartItems?offset=2&limit=2&fields=id,name (0.249416ms)
  ✔ /api/v1/CartItems?q=1&sort=-id&limit=5 (0.2725ms)
  ✔ /api/v1/CartItems?search=example&limit=4 (0.267583ms)
  ✔ /api/v1/CartItems?fields=id&sort=id (0.255542ms)
  ✔ /api/v1/WishlistItems?page=2&limit=3 (0.262375ms)
  ✔ /api/v1/WishlistItems?offset=2&limit=2&fields=id,name (0.237333ms)
  ✔ /api/v1/WishlistItems?q=1&sort=-id&limit=5 (0.2505ms)
  ✔ /api/v1/WishlistItems?search=example&limit=4 (0.229875ms)
  ✔ /api/v1/WishlistItems?fields=id&sort=id (0.2305ms)
  ✔ /api/v1/Likes?page=2&limit=3 (0.299708ms)
  ✔ /api/v1/Likes?offset=2&limit=2&fields=id,name (0.300625ms)
  ✔ /api/v1/Likes?q=1&sort=-id&limit=5 (0.332792ms)
  ✔ /api/v1/Likes?search=example&limit=4 (0.291709ms)
  ✔ /api/v1/Likes?fields=id&sort=id (0.508375ms)
  ✔ /api/v1/Follows?page=2&limit=3 (0.350625ms)
  ✔ /api/v1/Follows?offset=2&limit=2&fields=id,name (0.308791ms)
  ✔ /api/v1/Follows?q=1&sort=-id&limit=5 (0.306666ms)
  ✔ /api/v1/Follows?search=example&limit=4 (0.29625ms)
  ✔ /api/v1/Follows?fields=id&sort=id (0.296291ms)
  ✔ /api/v1/Messages?page=2&limit=3 (1.233333ms)
  ✔ /api/v1/Messages?offset=2&limit=2&fields=id,name (0.447375ms)
  ✔ /api/v1/Messages?q=1&sort=-id&limit=5 (0.417708ms)
  ✔ /api/v1/Messages?search=example&limit=4 (0.410792ms)
  ✔ /api/v1/Messages?fields=id&sort=id (0.415583ms)
  ✔ /api/v1/Conversations?page=2&limit=3 (3.888916ms)
  ✔ /api/v1/Conversations?offset=2&limit=2&fields=id,name (3.704834ms)
  ✔ /api/v1/Conversations?q=1&sort=-id&limit=5 (3.803583ms)
  ✔ /api/v1/Conversations?search=example&limit=4 (3.873542ms)
  ✔ /api/v1/Conversations?fields=id&sort=id (4.233708ms)
  ✔ /api/v1/ProductVariants?page=2&limit=3 (0.351791ms)
  ✔ /api/v1/ProductVariants?offset=2&limit=2&fields=id,name (0.288958ms)
  ✔ /api/v1/ProductVariants?q=1&sort=-id&limit=5 (0.243042ms)
  ✔ /api/v1/ProductVariants?search=example&limit=4 (0.246625ms)
  ✔ /api/v1/ProductVariants?fields=id&sort=id (0.264542ms)
  ✔ /api/v1/Returns?page=2&limit=3 (0.295375ms)
  ✔ /api/v1/Returns?offset=2&limit=2&fields=id,name (0.275167ms)
  ✔ /api/v1/Returns?q=1&sort=-id&limit=5 (0.270292ms)
  ✔ /api/v1/Returns?search=example&limit=4 (0.277625ms)
  ✔ /api/v1/Returns?fields=id&sort=id (0.27325ms)
  ✔ /api/v1/ReviewReplies?page=2&limit=3 (0.37775ms)
  ✔ /api/v1/ReviewReplies?offset=2&limit=2&fields=id,name (0.391084ms)
  ✔ /api/v1/ReviewReplies?q=1&sort=-id&limit=5 (0.391541ms)
  ✔ /api/v1/ReviewReplies?search=example&limit=4 (0.381917ms)
  ✔ /api/v1/ReviewReplies?fields=id&sort=id (0.383583ms)
  ✔ /api/v1/ArticleTags?page=2&limit=3 (0.348167ms)
  ✔ /api/v1/ArticleTags?offset=2&limit=2&fields=id,name (0.344708ms)
  ✔ /api/v1/ArticleTags?q=1&sort=-id&limit=5 (0.339792ms)
  ✔ /api/v1/ArticleTags?search=example&limit=4 (0.372083ms)
  ✔ /api/v1/ArticleTags?fields=id&sort=id (0.472709ms)
  ✔ /api/v1/PageViews?page=2&limit=3 (0.354333ms)
  ✔ /api/v1/PageViews?offset=2&limit=2&fields=id,name (0.318666ms)
  ✔ /api/v1/PageViews?q=1&sort=-id&limit=5 (0.344584ms)
  ✔ /api/v1/PageViews?search=example&limit=4 (0.350666ms)
  ✔ /api/v1/PageViews?fields=id&sort=id (0.284042ms)
  ✔ /api/v1/UserActivity?page=2&limit=3 (0.276541ms)
  ✔ /api/v1/UserActivity?offset=2&limit=2&fields=id,name (0.260667ms)
  ✔ /api/v1/UserActivity?q=1&sort=-id&limit=5 (0.275875ms)
  ✔ /api/v1/UserActivity?search=example&limit=4 (0.301625ms)
  ✔ /api/v1/UserActivity?fields=id&sort=id (0.326ms)
  ✔ /api/v1/Ratings?page=2&limit=3 (0.233167ms)
  ✔ /api/v1/Ratings?offset=2&limit=2&fields=id,name (0.224292ms)
  ✔ /api/v1/Ratings?q=1&sort=-id&limit=5 (0.236208ms)
  ✔ /api/v1/Ratings?search=example&limit=4 (0.23825ms)
  ✔ /api/v1/Ratings?fields=id&sort=id (0.246625ms)
  ✔ /api/v1/Banners?page=2&limit=3 (3.719125ms)
  ✔ /api/v1/Banners?offset=2&limit=2&fields=id,name (3.62825ms)
  ✔ /api/v1/Banners?q=1&sort=-id&limit=5 (3.846209ms)
  ✔ /api/v1/Banners?search=example&limit=4 (3.648459ms)
  ✔ /api/v1/Banners?fields=id&sort=id (3.563708ms)
  ✔ /api/v1/Promotions?page=2&limit=3 (0.601375ms)
  ✔ /api/v1/Promotions?offset=2&limit=2&fields=id,name (0.574667ms)
  ✔ /api/v1/Promotions?q=1&sort=-id&limit=5 (0.672541ms)
  ✔ /api/v1/Promotions?search=example&limit=4 (0.662958ms)
  ✔ /api/v1/Promotions?fields=id&sort=id (0.597834ms)
  ✔ /api/v1/Discounts?page=2&limit=3 (0.111542ms)
  ✔ /api/v1/Discounts?offset=2&limit=2&fields=id,name (0.09925ms)
  ✔ /api/v1/Discounts?q=1&sort=-id&limit=5 (0.095875ms)
  ✔ /api/v1/Discounts?search=example&limit=4 (0.09375ms)
  ✔ /api/v1/Discounts?fields=id&sort=id (0.092084ms)
  ✔ /api/v1/Favorites?page=2&limit=3 (0.266542ms)
  ✔ /api/v1/Favorites?offset=2&limit=2&fields=id,name (0.254958ms)
  ✔ /api/v1/Favorites?q=1&sort=-id&limit=5 (0.260584ms)
  ✔ /api/v1/Favorites?search=example&limit=4 (0.257292ms)
  ✔ /api/v1/Favorites?fields=id&sort=id (0.251708ms)
  ✔ /api/v1/SearchQueries?page=2&limit=3 (0.170625ms)
  ✔ /api/v1/SearchQueries?offset=2&limit=2&fields=id,name (0.16225ms)
  ✔ /api/v1/SearchQueries?q=1&sort=-id&limit=5 (0.450416ms)
  ✔ /api/v1/SearchQueries?search=example&limit=4 (0.234167ms)
  ✔ /api/v1/SearchQueries?fields=id&sort=id (0.45075ms)
  ✔ /api/v1/Badges?page=2&limit=3 (0.226542ms)
  ✔ /api/v1/Badges?offset=2&limit=2&fields=id,name (0.14225ms)
  ✔ /api/v1/Badges?q=1&sort=-id&limit=5 (0.1365ms)
  ✔ /api/v1/Badges?search=example&limit=4 (0.846375ms)
  ✔ /api/v1/Badges?fields=id&sort=id (0.229ms)
  ✔ /api/v1/UserBadges?page=2&limit=3 (0.498208ms)
  ✔ /api/v1/UserBadges?offset=2&limit=2&fields=id,name (0.377459ms)
  ✔ /api/v1/UserBadges?q=1&sort=-id&limit=5 (0.37875ms)
  ✔ /api/v1/UserBadges?search=example&limit=4 (0.402167ms)
  ✔ /api/v1/UserBadges?fields=id&sort=id (0.465834ms)
  ✔ /api/v1/Reports?page=2&limit=3 (0.232625ms)
  ✔ /api/v1/Reports?offset=2&limit=2&fields=id,name (0.216417ms)
  ✔ /api/v1/Reports?q=1&sort=-id&limit=5 (0.200667ms)
  ✔ /api/v1/Reports?search=example&limit=4 (0.186208ms)
  ✔ /api/v1/Reports?fields=id&sort=id (0.184917ms)
  ✔ /api/v1/Refunds?page=2&limit=3 (0.274875ms)
  ✔ /api/v1/Refunds?offset=2&limit=2&fields=id,name (0.237792ms)
  ✔ /api/v1/Refunds?q=1&sort=-id&limit=5 (0.231459ms)
  ✔ /api/v1/Refunds?search=example&limit=4 (0.22825ms)
  ✔ /api/v1/Refunds?fields=id&sort=id (0.443041ms)
  ✔ /api/v1/Vendors?page=2&limit=3 (4.050417ms)
  ✔ /api/v1/Vendors?offset=2&limit=2&fields=id,name (4.209666ms)
  ✔ /api/v1/Vendors?q=1&sort=-id&limit=5 (4.112834ms)
  ✔ /api/v1/Vendors?search=example&limit=4 (4.453375ms)
  ✔ /api/v1/Vendors?fields=id&sort=id (4.382584ms)
  ✔ /api/v1/Transactions?page=2&limit=3 (0.396833ms)
  ✔ /api/v1/Transactions?offset=2&limit=2&fields=id,name (0.453083ms)
  ✔ /api/v1/Transactions?q=1&sort=-id&limit=5 (0.896166ms)
  ✔ /api/v1/Transactions?search=example&limit=4 (0.541417ms)
  ✔ /api/v1/Transactions?fields=id&sort=id (0.589917ms)
  ✔ /api/v1/CouponUsages?page=2&limit=3 (0.521ms)
  ✔ /api/v1/CouponUsages?offset=2&limit=2&fields=id,name (0.514334ms)
  ✔ /api/v1/CouponUsages?q=1&sort=-id&limit=5 (0.577792ms)
  ✔ /api/v1/CouponUsages?search=example&limit=4 (0.518875ms)
  ✔ /api/v1/CouponUsages?fields=id&sort=id (0.519125ms)
  ✔ /api/v1/Preferences?page=2&limit=3 (0.19375ms)
  ✔ /api/v1/Preferences?offset=2&limit=2&fields=id,name (0.197792ms)
  ✔ /api/v1/Preferences?q=1&sort=-id&limit=5 (0.202209ms)
  ✔ /api/v1/Preferences?search=example&limit=4 (0.178ms)
  ✔ /api/v1/Preferences?fields=id&sort=id (0.171083ms)
  ✔ /api/v1/PaymentMethods?page=2&limit=3 (0.511792ms)
  ✔ /api/v1/PaymentMethods?offset=2&limit=2&fields=id,name (0.466125ms)
  ✔ /api/v1/PaymentMethods?q=1&sort=-id&limit=5 (0.444875ms)
  ✔ /api/v1/PaymentMethods?search=example&limit=4 (0.488459ms)
  ✔ /api/v1/PaymentMethods?fields=id&sort=id (0.4975ms)
  ✔ /api/v1/CustomerAddresses?page=2&limit=3 (0.550708ms)
  ✔ /api/v1/CustomerAddresses?offset=2&limit=2&fields=id,name (0.484084ms)
  ✔ /api/v1/CustomerAddresses?q=1&sort=-id&limit=5 (0.53675ms)
  ✔ /api/v1/CustomerAddresses?search=example&limit=4 (0.4815ms)
  ✔ /api/v1/CustomerAddresses?fields=id&sort=id (0.466959ms)
  ✔ /api/v1/OrderNotes?page=2&limit=3 (0.47875ms)
  ✔ /api/v1/OrderNotes?offset=2&limit=2&fields=id,name (0.4685ms)
  ✔ /api/v1/OrderNotes?q=1&sort=-id&limit=5 (0.469583ms)
  ✔ /api/v1/OrderNotes?search=example&limit=4 (0.466209ms)
  ✔ /api/v1/OrderNotes?fields=id&sort=id (0.477333ms)
  ✔ /api/v1/ShipmentEvents?page=2&limit=3 (0.663833ms)
  ✔ /api/v1/ShipmentEvents?offset=2&limit=2&fields=id,name (0.591291ms)
  ✔ /api/v1/ShipmentEvents?q=1&sort=-id&limit=5 (0.593041ms)
  ✔ /api/v1/ShipmentEvents?search=example&limit=4 (0.655042ms)
  ✔ /api/v1/ShipmentEvents?fields=id&sort=id (0.632042ms)
  ✔ /api/v1/InvoiceItems?page=2&limit=3 (2.526125ms)
  ✔ /api/v1/InvoiceItems?offset=2&limit=2&fields=id,name (0.580208ms)
  ✔ /api/v1/InvoiceItems?q=1&sort=-id&limit=5 (0.57425ms)
  ✔ /api/v1/InvoiceItems?search=example&limit=4 (0.543833ms)
  ✔ /api/v1/InvoiceItems?fields=id&sort=id (0.535542ms)
  ✔ /api/v1/LoyaltyAccounts?page=2&limit=3 (5.6225ms)
  ✔ /api/v1/LoyaltyAccounts?offset=2&limit=2&fields=id,name (5.464667ms)
  ✔ /api/v1/LoyaltyAccounts?q=1&sort=-id&limit=5 (5.566375ms)
  ✔ /api/v1/LoyaltyAccounts?search=example&limit=4 (5.585875ms)
  ✔ /api/v1/LoyaltyAccounts?fields=id&sort=id (5.634ms)
  ✔ /api/v1/LoyaltyTransactions?page=2&limit=3 (0.615167ms)
  ✔ /api/v1/LoyaltyTransactions?offset=2&limit=2&fields=id,name (0.624875ms)
  ✔ /api/v1/LoyaltyTransactions?q=1&sort=-id&limit=5 (0.583042ms)
  ✔ /api/v1/LoyaltyTransactions?search=example&limit=4 (0.551875ms)
  ✔ /api/v1/LoyaltyTransactions?fields=id&sort=id (0.534875ms)
  ✔ /api/v1/EventAttendees?page=2&limit=3 (0.320042ms)
  ✔ /api/v1/EventAttendees?offset=2&limit=2&fields=id,name (0.303083ms)
  ✔ /api/v1/EventAttendees?q=1&sort=-id&limit=5 (0.339459ms)
  ✔ /api/v1/EventAttendees?search=example&limit=4 (0.300125ms)
  ✔ /api/v1/EventAttendees?fields=id&sort=id (0.303541ms)
  ✔ /api/v1/PlaylistItems?page=2&limit=3 (0.374125ms)
  ✔ /api/v1/PlaylistItems?offset=2&limit=2&fields=id,name (0.314958ms)
  ✔ /api/v1/PlaylistItems?q=1&sort=-id&limit=5 (0.316917ms)
  ✔ /api/v1/PlaylistItems?search=example&limit=4 (0.311666ms)
  ✔ /api/v1/PlaylistItems?fields=id&sort=id (0.311458ms)
  ✔ /api/v1/RecipeIngredients?page=2&limit=3 (0.135208ms)
  ✔ /api/v1/RecipeIngredients?offset=2&limit=2&fields=id,name (0.128ms)
  ✔ /api/v1/RecipeIngredients?q=1&sort=-id&limit=5 (0.151542ms)
  ✔ /api/v1/RecipeIngredients?search=example&limit=4 (0.12625ms)
  ✔ /api/v1/RecipeIngredients?fields=id&sort=id (0.125833ms)
  ✔ /api/v1/RestaurantMenus?page=2&limit=3 (0.711ms)
  ✔ /api/v1/RestaurantMenus?offset=2&limit=2&fields=id,name (0.710792ms)
  ✔ /api/v1/RestaurantMenus?q=1&sort=-id&limit=5 (1.535209ms)
  ✔ /api/v1/RestaurantMenus?search=example&limit=4 (0.870167ms)
  ✔ /api/v1/RestaurantMenus?fields=id&sort=id (0.754583ms)
  ✔ /api/v1/MenuItems?page=2&limit=3 (0.483625ms)
  ✔ /api/v1/MenuItems?offset=2&limit=2&fields=id,name (0.469792ms)
  ✔ /api/v1/MenuItems?q=1&sort=-id&limit=5 (0.452417ms)
  ✔ /api/v1/MenuItems?search=example&limit=4 (0.450625ms)
  ✔ /api/v1/MenuItems?fields=id&sort=id (0.4515ms)
  ✔ /api/v1/CompanyOffices?page=2&limit=3 (0.389417ms)
  ✔ /api/v1/CompanyOffices?offset=2&limit=2&fields=id,name (0.389084ms)
  ✔ /api/v1/CompanyOffices?q=1&sort=-id&limit=5 (0.348584ms)
  ✔ /api/v1/CompanyOffices?search=example&limit=4 (0.370334ms)
  ✔ /api/v1/CompanyOffices?fields=id&sort=id (0.345875ms)
  ✔ /api/v1/EmployeeSkills?page=2&limit=3 (0.373917ms)
  ✔ /api/v1/EmployeeSkills?offset=2&limit=2&fields=id,name (0.351917ms)
  ✔ /api/v1/EmployeeSkills?q=1&sort=-id&limit=5 (0.359084ms)
  ✔ /api/v1/EmployeeSkills?search=example&limit=4 (0.515167ms)
  ✔ /api/v1/EmployeeSkills?fields=id&sort=id (0.319917ms)
  ✔ /api/v1/SupplierProducts?page=2&limit=3 (0.457459ms)
  ✔ /api/v1/SupplierProducts?offset=2&limit=2&fields=id,name (0.433125ms)
  ✔ /api/v1/SupplierProducts?q=1&sort=-id&limit=5 (0.39975ms)
  ✔ /api/v1/SupplierProducts?search=example&limit=4 (0.39725ms)
  ✔ /api/v1/SupplierProducts?fields=id&sort=id (0.397083ms)
  ✔ /api/v1/FlightBookings?page=2&limit=3 (0.512458ms)
  ✔ /api/v1/FlightBookings?offset=2&limit=2&fields=id,name (0.500917ms)
  ✔ /api/v1/FlightBookings?q=1&sort=-id&limit=5 (0.557208ms)
  ✔ /api/v1/FlightBookings?search=example&limit=4 (2.029458ms)
  ✔ /api/v1/FlightBookings?fields=id&sort=id (0.643875ms)
  ✔ /api/v1/PromotionProducts?page=2&limit=3 (0.313959ms)
  ✔ /api/v1/PromotionProducts?offset=2&limit=2&fields=id,name (0.270083ms)
  ✔ /api/v1/PromotionProducts?q=1&sort=-id&limit=5 (0.246542ms)
  ✔ /api/v1/PromotionProducts?search=example&limit=4 (0.262708ms)
  ✔ /api/v1/PromotionProducts?fields=id&sort=id (0.35175ms)
  ✔ /api/v1/BannerPlacements?page=2&limit=3 (0.2315ms)
  ✔ /api/v1/BannerPlacements?offset=2&limit=2&fields=id,name (0.212417ms)
  ✔ /api/v1/BannerPlacements?q=1&sort=-id&limit=5 (0.208625ms)
  ✔ /api/v1/BannerPlacements?search=example&limit=4 (0.207125ms)
  ✔ /api/v1/BannerPlacements?fields=id&sort=id (0.209375ms)
  ✔ /api/v1/SupportTickets?page=2&limit=3 (5.563875ms)
  ✔ /api/v1/SupportTickets?offset=2&limit=2&fields=id,name (5.533958ms)
  ✔ /api/v1/SupportTickets?q=1&sort=-id&limit=5 (6.322583ms)
  ✔ /api/v1/SupportTickets?search=example&limit=4 (5.675ms)
  ✔ /api/v1/SupportTickets?fields=id&sort=id (6.288875ms)
  ✔ /api/v1/TicketReplies?page=2&limit=3 (0.639125ms)
  ✔ /api/v1/TicketReplies?offset=2&limit=2&fields=id,name (0.5545ms)
  ✔ /api/v1/TicketReplies?q=1&sort=-id&limit=5 (0.535042ms)
  ✔ /api/v1/TicketReplies?search=example&limit=4 (0.554541ms)
  ✔ /api/v1/TicketReplies?fields=id&sort=id (0.602834ms)
✔ resource query strings return the same filtered counts, bodies, and pagination headers as Hono (462.646167ms)
▶ resource mutations match Hono status codes, bodies, and empty-delete shape
  ✔ POST /api/v1/Activities (0.423833ms)
  ✔ PUT /api/v1/Activities/4 (0.174791ms)
  ✔ PATCH /api/v1/Activities/5 (0.184042ms)
  ✔ DELETE /api/v1/Activities/6 (0.117167ms)
  ✔ POST /api/v1/Authors (0.108541ms)
  ✔ PUT /api/v1/Authors/4 (0.098959ms)
  ✔ PATCH /api/v1/Authors/5 (0.09325ms)
  ✔ DELETE /api/v1/Authors/6 (0.059625ms)
  ✔ POST /api/v1/Books (0.17025ms)
  ✔ PUT /api/v1/Books/4 (0.109333ms)
  ✔ PATCH /api/v1/Books/5 (0.121708ms)
  ✔ DELETE /api/v1/Books/6 (0.052125ms)
  ✔ POST /api/v1/CoverPhotos (0.093125ms)
  ✔ PUT /api/v1/CoverPhotos/4 (0.086875ms)
  ✔ PATCH /api/v1/CoverPhotos/5 (0.093583ms)
  ✔ DELETE /api/v1/CoverPhotos/6 (3.9485ms)
  ✔ POST /api/v1/Users (0.339583ms)
  ✔ PUT /api/v1/Users/4 (0.230333ms)
  ✔ PATCH /api/v1/Users/5 (0.214833ms)
  ✔ DELETE /api/v1/Users/6 (0.05875ms)
  ✔ POST /api/v1/Products (0.155625ms)
  ✔ PUT /api/v1/Products/4 (0.169333ms)
  ✔ PATCH /api/v1/Products/5 (0.307334ms)
  ✔ DELETE /api/v1/Products/6 (0.120958ms)
  ✔ POST /api/v1/Categories (0.145042ms)
  ✔ PUT /api/v1/Categories/4 (0.119666ms)
  ✔ PATCH /api/v1/Categories/5 (0.162584ms)
  ✔ DELETE /api/v1/Categories/6 (0.056959ms)
  ✔ POST /api/v1/Orders (0.327166ms)
  ✔ PUT /api/v1/Orders/4 (0.266625ms)
  ✔ PATCH /api/v1/Orders/5 (0.322875ms)
  ✔ DELETE /api/v1/Orders/6 (0.063541ms)
  ✔ POST /api/v1/OrderItems (0.09225ms)
  ✔ PUT /api/v1/OrderItems/4 (0.086709ms)
  ✔ PATCH /api/v1/OrderItems/5 (0.096166ms)
  ✔ DELETE /api/v1/OrderItems/6 (0.049625ms)
  ✔ POST /api/v1/Customers (0.493291ms)
  ✔ PUT /api/v1/Customers/4 (0.43375ms)
  ✔ PATCH /api/v1/Customers/5 (0.3545ms)
  ✔ DELETE /api/v1/Customers/6 (0.058791ms)
  ✔ POST /api/v1/Employees (0.185166ms)
  ✔ PUT /api/v1/Employees/4 (0.17675ms)
  ✔ PATCH /api/v1/Employees/5 (0.171167ms)
  ✔ DELETE /api/v1/Employees/6 (0.051125ms)
  ✔ POST /api/v1/Departments (0.143083ms)
  ✔ PUT /api/v1/Departments/4 (0.134709ms)
  ✔ PATCH /api/v1/Departments/5 (0.125667ms)
  ✔ DELETE /api/v1/Departments/6 (0.052333ms)
  ✔ POST /api/v1/Companies (0.12425ms)
  ✔ PUT /api/v1/Companies/4 (0.147333ms)
  ✔ PATCH /api/v1/Companies/5 (0.111625ms)
  ✔ DELETE /api/v1/Companies/6 (0.0585ms)
  ✔ POST /api/v1/Projects (0.141292ms)
  ✔ PUT /api/v1/Projects/4 (0.147042ms)
  ✔ PATCH /api/v1/Projects/5 (0.131792ms)
  ✔ DELETE /api/v1/Projects/6 (0.053792ms)
  ✔ POST /api/v1/Tasks (0.099791ms)
  ✔ PUT /api/v1/Tasks/4 (0.093708ms)
  ✔ PATCH /api/v1/Tasks/5 (0.102875ms)
  ✔ DELETE /api/v1/Tasks/6 (0.0585ms)
  ✔ POST /api/v1/Tags (0.098542ms)
  ✔ PUT /api/v1/Tags/4 (0.2985ms)
  ✔ PATCH /api/v1/Tags/5 (0.079708ms)
  ✔ DELETE /api/v1/Tags/6 (0.045042ms)
  ✔ POST /api/v1/Comments (0.074458ms)
  ✔ PUT /api/v1/Comments/4 (0.075625ms)
  ✔ PATCH /api/v1/Comments/5 (0.085083ms)
  ✔ DELETE /api/v1/Comments/6 (0.045875ms)
  ✔ POST /api/v1/Posts (0.160166ms)
  ✔ PUT /api/v1/Posts/4 (0.144792ms)
  ✔ PATCH /api/v1/Posts/5 (0.124041ms)
  ✔ DELETE /api/v1/Posts/6 (0.045583ms)
  ✔ POST /api/v1/Articles (0.185417ms)
  ✔ PUT /api/v1/Articles/4 (0.159667ms)
  ✔ PATCH /api/v1/Articles/5 (0.169333ms)
  ✔ DELETE /api/v1/Articles/6 (0.073875ms)
  ✔ POST /api/v1/Reviews (0.201667ms)
  ✔ PUT /api/v1/Reviews/4 (0.188875ms)
  ✔ PATCH /api/v1/Reviews/5 (0.20175ms)
  ✔ DELETE /api/v1/Reviews/6 (0.064958ms)
  ✔ POST /api/v1/Notifications (0.098084ms)
  ✔ PUT /api/v1/Notifications/4 (0.09ms)
  ✔ PATCH /api/v1/Notifications/5 (0.097833ms)
  ✔ DELETE /api/v1/Notifications/6 (0.048041ms)
  ✔ POST /api/v1/Events (0.153084ms)
  ✔ PUT /api/v1/Events/4 (0.153084ms)
  ✔ PATCH /api/v1/Events/5 (0.148541ms)
  ✔ DELETE /api/v1/Events/6 (0.064958ms)
  ✔ POST /api/v1/Tickets (0.081917ms)
  ✔ PUT /api/v1/Tickets/4 (0.075833ms)
  ✔ PATCH /api/v1/Tickets/5 (0.088375ms)
  ✔ DELETE /api/v1/Tickets/6 (0.048292ms)
  ✔ POST /api/v1/Venues (0.07775ms)
  ✔ PUT /api/v1/Venues/4 (0.074333ms)
  ✔ PATCH /api/v1/Venues/5 (0.084875ms)
  ✔ DELETE /api/v1/Venues/6 (0.046708ms)
  ✔ POST /api/v1/Cities (0.07375ms)
  ✔ PUT /api/v1/Cities/4 (0.076208ms)
  ✔ PATCH /api/v1/Cities/5 (0.079625ms)
  ✔ DELETE /api/v1/Cities/6 (0.057334ms)
  ✔ POST /api/v1/Countries (0.086292ms)
  ✔ PUT /api/v1/Countries/4 (0.082834ms)
  ✔ PATCH /api/v1/Countries/5 (0.0945ms)
  ✔ DELETE /api/v1/Countries/6 (0.06325ms)
  ✔ POST /api/v1/Addresses (0.100791ms)
  ✔ PUT /api/v1/Addresses/4 (0.079958ms)
  ✔ PATCH /api/v1/Addresses/5 (0.10875ms)
  ✔ DELETE /api/v1/Addresses/6 (0.050167ms)
  ✔ POST /api/v1/Suppliers (0.0785ms)
  ✔ PUT /api/v1/Suppliers/4 (0.081125ms)
  ✔ PATCH /api/v1/Suppliers/5 (0.091833ms)
  ✔ DELETE /api/v1/Suppliers/6 (0.047958ms)
  ✔ POST /api/v1/Warehouses (0.079334ms)
  ✔ PUT /api/v1/Warehouses/4 (0.080792ms)
  ✔ PATCH /api/v1/Warehouses/5 (0.087458ms)
  ✔ DELETE /api/v1/Warehouses/6 (0.053375ms)
  ✔ POST /api/v1/Inventories (0.076958ms)
  ✔ PUT /api/v1/Inventories/4 (0.17675ms)
  ✔ PATCH /api/v1/Inventories/5 (0.114292ms)
  ✔ DELETE /api/v1/Inventories/6 (0.052292ms)
  ✔ POST /api/v1/Shipments (0.07525ms)
  ✔ PUT /api/v1/Shipments/4 (0.078125ms)
  ✔ PATCH /api/v1/Shipments/5 (0.089625ms)
  ✔ DELETE /api/v1/Shipments/6 (0.051625ms)
  ✔ POST /api/v1/Invoices (0.188917ms)
  ✔ PUT /api/v1/Invoices/4 (0.163875ms)
  ✔ PATCH /api/v1/Invoices/5 (0.169292ms)
  ✔ DELETE /api/v1/Invoices/6 (0.052542ms)
  ✔ POST /api/v1/Payments (0.083ms)
  ✔ PUT /api/v1/Payments/4 (0.07725ms)
  ✔ PATCH /api/v1/Payments/5 (0.091584ms)
  ✔ DELETE /api/v1/Payments/6 (0.049625ms)
  ✔ POST /api/v1/Coupons (0.074ms)
  ✔ PUT /api/v1/Coupons/4 (0.080625ms)
  ✔ PATCH /api/v1/Coupons/5 (0.08775ms)
  ✔ DELETE /api/v1/Coupons/6 (0.050583ms)
  ✔ POST /api/v1/Carts (0.181084ms)
  ✔ PUT /api/v1/Carts/4 (3.131ms)
  ✔ PATCH /api/v1/Carts/5 (0.224583ms)
  ✔ DELETE /api/v1/Carts/6 (0.064ms)
  ✔ POST /api/v1/Wishlists (0.205375ms)
  ✔ PUT /api/v1/Wishlists/4 (0.173334ms)
  ✔ PATCH /api/v1/Wishlists/5 (0.155958ms)
  ✔ DELETE /api/v1/Wishlists/6 (0.049041ms)
  ✔ POST /api/v1/Subscriptions (0.092125ms)
  ✔ PUT /api/v1/Subscriptions/4 (0.086625ms)
  ✔ PATCH /api/v1/Subscriptions/5 (0.099208ms)
  ✔ DELETE /api/v1/Subscriptions/6 (0.046667ms)
  ✔ POST /api/v1/Plans (0.076667ms)
  ✔ PUT /api/v1/Plans/4 (0.083875ms)
  ✔ PATCH /api/v1/Plans/5 (0.084875ms)
  ✔ DELETE /api/v1/Plans/6 (0.048167ms)
  ✔ POST /api/v1/Roles (0.097167ms)
  ✔ PUT /api/v1/Roles/4 (0.081417ms)
  ✔ PATCH /api/v1/Roles/5 (0.132667ms)
  ✔ DELETE /api/v1/Roles/6 (0.045417ms)
  ✔ POST /api/v1/Permissions (0.070417ms)
  ✔ PUT /api/v1/Permissions/4 (0.069583ms)
  ✔ PATCH /api/v1/Permissions/5 (0.077625ms)
  ✔ DELETE /api/v1/Permissions/6 (0.043792ms)
  ✔ POST /api/v1/Sessions (0.070334ms)
  ✔ PUT /api/v1/Sessions/4 (0.070583ms)
  ✔ PATCH /api/v1/Sessions/5 (0.083167ms)
  ✔ DELETE /api/v1/Sessions/6 (0.044542ms)
  ✔ POST /api/v1/Logs (0.071291ms)
  ✔ PUT /api/v1/Logs/4 (0.069125ms)
  ✔ PATCH /api/v1/Logs/5 (0.081375ms)
  ✔ DELETE /api/v1/Logs/6 (0.043ms)
  ✔ POST /api/v1/Files (0.069125ms)
  ✔ PUT /api/v1/Files/4 (0.070583ms)
  ✔ PATCH /api/v1/Files/5 (0.088584ms)
  ✔ DELETE /api/v1/Files/6 (0.053917ms)
  ✔ POST /api/v1/Folders (0.069917ms)
  ✔ PUT /api/v1/Folders/4 (0.071625ms)
  ✔ PATCH /api/v1/Folders/5 (0.077125ms)
  ✔ DELETE /api/v1/Folders/6 (0.043541ms)
  ✔ POST /api/v1/Genres (0.068375ms)
  ✔ PUT /api/v1/Genres/4 (0.068959ms)
  ✔ PATCH /api/v1/Genres/5 (0.075875ms)
  ✔ DELETE /api/v1/Genres/6 (0.043666ms)
  ✔ POST /api/v1/Movies (0.070875ms)
  ✔ PUT /api/v1/Movies/4 (0.069958ms)
  ✔ PATCH /api/v1/Movies/5 (0.078ms)
  ✔ DELETE /api/v1/Movies/6 (0.04675ms)
  ✔ POST /api/v1/Songs (0.074ms)
  ✔ PUT /api/v1/Songs/4 (0.073875ms)
  ✔ PATCH /api/v1/Songs/5 (0.081666ms)
  ✔ DELETE /api/v1/Songs/6 (0.046917ms)
  ✔ POST /api/v1/Albums (0.073333ms)
  ✔ PUT /api/v1/Albums/4 (0.075291ms)
  ✔ PATCH /api/v1/Albums/5 (0.082708ms)
  ✔ DELETE /api/v1/Albums/6 (0.047208ms)
  ✔ POST /api/v1/Artists (0.074833ms)
  ✔ PUT /api/v1/Artists/4 (0.075291ms)
  ✔ PATCH /api/v1/Artists/5 (0.079417ms)
  ✔ DELETE /api/v1/Artists/6 (0.138333ms)
  ✔ POST /api/v1/Playlists (0.216375ms)
  ✔ PUT /api/v1/Playlists/4 (0.242833ms)
  ✔ PATCH /api/v1/Playlists/5 (0.234083ms)
  ✔ DELETE /api/v1/Playlists/6 (0.049041ms)
  ✔ POST /api/v1/Teams (0.076625ms)
  ✔ PUT /api/v1/Teams/4 (0.075666ms)
  ✔ PATCH /api/v1/Teams/5 (0.082542ms)
  ✔ DELETE /api/v1/Teams/6 (0.089292ms)
  ✔ POST /api/v1/Players (0.07675ms)
  ✔ PUT /api/v1/Players/4 (0.076917ms)
  ✔ PATCH /api/v1/Players/5 (0.089166ms)
  ✔ DELETE /api/v1/Players/6 (0.046625ms)
  ✔ POST /api/v1/Matches (0.075083ms)
  ✔ PUT /api/v1/Matches/4 (0.074959ms)
  ✔ PATCH /api/v1/Matches/5 (0.089ms)
  ✔ DELETE /api/v1/Matches/6 (0.047792ms)
  ✔ POST /api/v1/Recipes (0.115917ms)
  ✔ PUT /api/v1/Recipes/4 (0.125708ms)
  ✔ PATCH /api/v1/Recipes/5 (0.112375ms)
  ✔ DELETE /api/v1/Recipes/6 (0.061292ms)
  ✔ POST /api/v1/Restaurants (0.23ms)
  ✔ PUT /api/v1/Restaurants/4 (0.222208ms)
  ✔ PATCH /api/v1/Restaurants/5 (0.183208ms)
  ✔ DELETE /api/v1/Restaurants/6 (0.049875ms)
  ✔ POST /api/v1/Hotels (0.2105ms)
  ✔ PUT /api/v1/Hotels/4 (0.161167ms)
  ✔ PATCH /api/v1/Hotels/5 (0.192375ms)
  ✔ DELETE /api/v1/Hotels/6 (0.051833ms)
  ✔ POST /api/v1/Bookings (0.118334ms)
  ✔ PUT /api/v1/Bookings/4 (0.090125ms)
  ✔ PATCH /api/v1/Bookings/5 (0.093875ms)
  ✔ DELETE /api/v1/Bookings/6 (0.046541ms)
  ✔ POST /api/v1/Flights (0.115042ms)
  ✔ PUT /api/v1/Flights/4 (0.130416ms)
  ✔ PATCH /api/v1/Flights/5 (0.129542ms)
  ✔ DELETE /api/v1/Flights/6 (0.046084ms)
  ✔ POST /api/v1/Cars (0.074291ms)
  ✔ PUT /api/v1/Cars/4 (0.073042ms)
  ✔ PATCH /api/v1/Cars/5 (0.084625ms)
  ✔ DELETE /api/v1/Cars/6 (0.04525ms)
  ✔ POST /api/v1/Currencies (0.076333ms)
  ✔ PUT /api/v1/Currencies/4 (0.07675ms)
  ✔ PATCH /api/v1/Currencies/5 (0.091708ms)
  ✔ DELETE /api/v1/Currencies/6 (0.04525ms)
  ✔ POST /api/v1/Languages (0.076625ms)
  ✔ PUT /api/v1/Languages/4 (0.073375ms)
  ✔ PATCH /api/v1/Languages/5 (0.079625ms)
  ✔ DELETE /api/v1/Languages/6 (0.045375ms)
  ✔ POST /api/v1/Brands (0.072167ms)
  ✔ PUT /api/v1/Brands/4 (0.072667ms)
  ✔ PATCH /api/v1/Brands/5 (0.090208ms)
  ✔ DELETE /api/v1/Brands/6 (0.053875ms)
  ✔ POST /api/v1/CartItems (0.08625ms)
  ✔ PUT /api/v1/CartItems/4 (0.079375ms)
  ✔ PATCH /api/v1/CartItems/5 (0.088125ms)
  ✔ DELETE /api/v1/CartItems/6 (0.045208ms)
  ✔ POST /api/v1/WishlistItems (0.078709ms)
  ✔ PUT /api/v1/WishlistItems/4 (0.114375ms)
  ✔ PATCH /api/v1/WishlistItems/5 (0.087167ms)
  ✔ DELETE /api/v1/WishlistItems/6 (0.04675ms)
  ✔ POST /api/v1/Likes (0.082375ms)
  ✔ PUT /api/v1/Likes/4 (0.077958ms)
  ✔ PATCH /api/v1/Likes/5 (0.087333ms)
  ✔ DELETE /api/v1/Likes/6 (0.046583ms)
  ✔ POST /api/v1/Follows (0.088667ms)
  ✔ PUT /api/v1/Follows/4 (0.084625ms)
  ✔ PATCH /api/v1/Follows/5 (1.602375ms)
  ✔ DELETE /api/v1/Follows/6 (0.084083ms)
  ✔ POST /api/v1/Messages (0.156625ms)
  ✔ PUT /api/v1/Messages/4 (0.313125ms)
  ✔ PATCH /api/v1/Messages/5 (0.126458ms)
  ✔ DELETE /api/v1/Messages/6 (0.047542ms)
  ✔ POST /api/v1/Conversations (0.199041ms)
  ✔ PUT /api/v1/Conversations/4 (0.187333ms)
  ✔ PATCH /api/v1/Conversations/5 (0.194083ms)
  ✔ DELETE /api/v1/Conversations/6 (0.049917ms)
  ✔ POST /api/v1/ProductVariants (0.092042ms)
  ✔ PUT /api/v1/ProductVariants/4 (0.084458ms)
  ✔ PATCH /api/v1/ProductVariants/5 (0.108584ms)
  ✔ DELETE /api/v1/ProductVariants/6 (0.054041ms)
  ✔ POST /api/v1/Returns (0.096125ms)
  ✔ PUT /api/v1/Returns/4 (0.099541ms)
  ✔ PATCH /api/v1/Returns/5 (0.099417ms)
  ✔ DELETE /api/v1/Returns/6 (0.057ms)
  ✔ POST /api/v1/ReviewReplies (0.121292ms)
  ✔ PUT /api/v1/ReviewReplies/4 (0.11275ms)
  ✔ PATCH /api/v1/ReviewReplies/5 (0.142042ms)
  ✔ DELETE /api/v1/ReviewReplies/6 (0.052042ms)
  ✔ POST /api/v1/ArticleTags (0.108041ms)
  ✔ PUT /api/v1/ArticleTags/4 (0.101792ms)
  ✔ PATCH /api/v1/ArticleTags/5 (0.124625ms)
  ✔ DELETE /api/v1/ArticleTags/6 (0.045083ms)
  ✔ POST /api/v1/PageViews (0.1065ms)
  ✔ PUT /api/v1/PageViews/4 (0.100709ms)
  ✔ PATCH /api/v1/PageViews/5 (0.109125ms)
  ✔ DELETE /api/v1/PageViews/6 (0.044667ms)
  ✔ POST /api/v1/UserActivity (0.075708ms)
  ✔ PUT /api/v1/UserActivity/4 (0.074ms)
  ✔ PATCH /api/v1/UserActivity/5 (0.081333ms)
  ✔ DELETE /api/v1/UserActivity/6 (0.048334ms)
  ✔ POST /api/v1/Ratings (0.073958ms)
  ✔ PUT /api/v1/Ratings/4 (0.082417ms)
  ✔ PATCH /api/v1/Ratings/5 (0.083208ms)
  ✔ DELETE /api/v1/Ratings/6 (0.058ms)
  ✔ POST /api/v1/Banners (0.220084ms)
  ✔ PUT /api/v1/Banners/4 (0.202584ms)
  ✔ PATCH /api/v1/Banners/5 (0.233583ms)
  ✔ DELETE /api/v1/Banners/6 (0.048709ms)
  ✔ POST /api/v1/Promotions (0.115708ms)
  ✔ PUT /api/v1/Promotions/4 (0.117417ms)
  ✔ PATCH /api/v1/Promotions/5 (0.133459ms)
  ✔ DELETE /api/v1/Promotions/6 (0.046459ms)
  ✔ POST /api/v1/Discounts (0.074333ms)
  ✔ PUT /api/v1/Discounts/4 (0.074791ms)
  ✔ PATCH /api/v1/Discounts/5 (0.089042ms)
  ✔ DELETE /api/v1/Discounts/6 (0.044875ms)
  ✔ POST /api/v1/Favorites (0.082584ms)
  ✔ PUT /api/v1/Favorites/4 (0.079708ms)
  ✔ PATCH /api/v1/Favorites/5 (0.086ms)
  ✔ DELETE /api/v1/Favorites/6 (0.044792ms)
  ✔ POST /api/v1/SearchQueries (0.076ms)
  ✔ PUT /api/v1/SearchQueries/4 (0.075583ms)
  ✔ PATCH /api/v1/SearchQueries/5 (0.08925ms)
  ✔ DELETE /api/v1/SearchQueries/6 (0.043792ms)
  ✔ POST /api/v1/Badges (0.079042ms)
  ✔ PUT /api/v1/Badges/4 (0.08425ms)
  ✔ PATCH /api/v1/Badges/5 (0.093208ms)
  ✔ DELETE /api/v1/Badges/6 (0.046458ms)
  ✔ POST /api/v1/UserBadges (0.095542ms)
  ✔ PUT /api/v1/UserBadges/4 (0.093375ms)
  ✔ PATCH /api/v1/UserBadges/5 (0.10375ms)
  ✔ DELETE /api/v1/UserBadges/6 (0.045958ms)
  ✔ POST /api/v1/Reports (0.076791ms)
  ✔ PUT /api/v1/Reports/4 (0.073458ms)
  ✔ PATCH /api/v1/Reports/5 (0.090458ms)
  ✔ DELETE /api/v1/Reports/6 (0.0695ms)
  ✔ POST /api/v1/Refunds (0.080042ms)
  ✔ PUT /api/v1/Refunds/4 (0.079125ms)
  ✔ PATCH /api/v1/Refunds/5 (0.10275ms)
  ✔ DELETE /api/v1/Refunds/6 (0.046125ms)
  ✔ POST /api/v1/Vendors (0.186666ms)
  ✔ PUT /api/v1/Vendors/4 (0.181625ms)
  ✔ PATCH /api/v1/Vendors/5 (0.187125ms)
  ✔ DELETE /api/v1/Vendors/6 (0.057208ms)
  ✔ POST /api/v1/Transactions (0.125708ms)
  ✔ PUT /api/v1/Transactions/4 (0.10575ms)
  ✔ PATCH /api/v1/Transactions/5 (0.096875ms)
  ✔ DELETE /api/v1/Transactions/6 (0.045541ms)
  ✔ POST /api/v1/CouponUsages (0.113625ms)
  ✔ PUT /api/v1/CouponUsages/4 (0.103375ms)
  ✔ PATCH /api/v1/CouponUsages/5 (0.090625ms)
  ✔ DELETE /api/v1/CouponUsages/6 (0.045417ms)
  ✔ POST /api/v1/Preferences (0.079584ms)
  ✔ PUT /api/v1/Preferences/4 (0.075708ms)
  ✔ PATCH /api/v1/Preferences/5 (0.095625ms)
  ✔ DELETE /api/v1/Preferences/6 (0.045917ms)
  ✔ POST /api/v1/PaymentMethods (0.082667ms)
  ✔ PUT /api/v1/PaymentMethods/4 (0.084084ms)
  ✔ PATCH /api/v1/PaymentMethods/5 (0.090458ms)
  ✔ DELETE /api/v1/PaymentMethods/6 (0.045ms)
  ✔ POST /api/v1/CustomerAddresses (0.098875ms)
  ✔ PUT /api/v1/CustomerAddresses/4 (0.11325ms)
  ✔ PATCH /api/v1/CustomerAddresses/5 (0.107833ms)
  ✔ DELETE /api/v1/CustomerAddresses/6 (0.065958ms)
  ✔ POST /api/v1/OrderNotes (0.098166ms)
  ✔ PUT /api/v1/OrderNotes/4 (0.111833ms)
  ✔ PATCH /api/v1/OrderNotes/5 (0.1115ms)
  ✔ DELETE /api/v1/OrderNotes/6 (0.052791ms)
  ✔ POST /api/v1/ShipmentEvents (0.112666ms)
  ✔ PUT /api/v1/ShipmentEvents/4 (0.100875ms)
  ✔ PATCH /api/v1/ShipmentEvents/5 (0.119458ms)
  ✔ DELETE /api/v1/ShipmentEvents/6 (0.0595ms)
  ✔ POST /api/v1/InvoiceItems (0.12ms)
  ✔ PUT /api/v1/InvoiceItems/4 (0.102042ms)
  ✔ PATCH /api/v1/InvoiceItems/5 (0.127458ms)
  ✔ DELETE /api/v1/InvoiceItems/6 (0.047209ms)
  ✔ POST /api/v1/LoyaltyAccounts (0.211375ms)
  ✔ PUT /api/v1/LoyaltyAccounts/4 (0.19125ms)
  ✔ PATCH /api/v1/LoyaltyAccounts/5 (0.219166ms)
  ✔ DELETE /api/v1/LoyaltyAccounts/6 (0.047792ms)
  ✔ POST /api/v1/LoyaltyTransactions (0.09225ms)
  ✔ PUT /api/v1/LoyaltyTransactions/4 (0.087583ms)
  ✔ PATCH /api/v1/LoyaltyTransactions/5 (0.092083ms)
  ✔ DELETE /api/v1/LoyaltyTransactions/6 (0.052208ms)
  ✔ POST /api/v1/EventAttendees (0.11575ms)
  ✔ PUT /api/v1/EventAttendees/4 (0.110541ms)
  ✔ PATCH /api/v1/EventAttendees/5 (0.09ms)
  ✔ DELETE /api/v1/EventAttendees/6 (0.046958ms)
  ✔ POST /api/v1/PlaylistItems (0.086875ms)
  ✔ PUT /api/v1/PlaylistItems/4 (0.080625ms)
  ✔ PATCH /api/v1/PlaylistItems/5 (3.140291ms)
  ✔ DELETE /api/v1/PlaylistItems/6 (0.128834ms)
  ✔ POST /api/v1/RecipeIngredients (0.126334ms)
  ✔ PUT /api/v1/RecipeIngredients/4 (0.08825ms)
  ✔ PATCH /api/v1/RecipeIngredients/5 (0.095584ms)
  ✔ DELETE /api/v1/RecipeIngredients/6 (0.04875ms)
  ✔ POST /api/v1/RestaurantMenus (0.126333ms)
  ✔ PUT /api/v1/RestaurantMenus/4 (0.117708ms)
  ✔ PATCH /api/v1/RestaurantMenus/5 (0.124875ms)
  ✔ DELETE /api/v1/RestaurantMenus/6 (0.049792ms)
  ✔ POST /api/v1/MenuItems (0.088583ms)
  ✔ PUT /api/v1/MenuItems/4 (0.0815ms)
  ✔ PATCH /api/v1/MenuItems/5 (0.081292ms)
  ✔ DELETE /api/v1/MenuItems/6 (0.042959ms)
  ✔ POST /api/v1/CompanyOffices (0.110375ms)
  ✔ PUT /api/v1/CompanyOffices/4 (0.103459ms)
  ✔ PATCH /api/v1/CompanyOffices/5 (0.084625ms)
  ✔ DELETE /api/v1/CompanyOffices/6 (0.042958ms)
  ✔ POST /api/v1/EmployeeSkills (0.136042ms)
  ✔ PUT /api/v1/EmployeeSkills/4 (0.105791ms)
  ✔ PATCH /api/v1/EmployeeSkills/5 (0.094541ms)
  ✔ DELETE /api/v1/EmployeeSkills/6 (0.053792ms)
  ✔ POST /api/v1/SupplierProducts (0.126458ms)
  ✔ PUT /api/v1/SupplierProducts/4 (0.104375ms)
  ✔ PATCH /api/v1/SupplierProducts/5 (0.103083ms)
  ✔ DELETE /api/v1/SupplierProducts/6 (0.05ms)
  ✔ POST /api/v1/FlightBookings (0.111708ms)
  ✔ PUT /api/v1/FlightBookings/4 (0.103584ms)
  ✔ PATCH /api/v1/FlightBookings/5 (0.1155ms)
  ✔ DELETE /api/v1/FlightBookings/6 (0.049ms)
  ✔ POST /api/v1/PromotionProducts (0.073959ms)
  ✔ PUT /api/v1/PromotionProducts/4 (0.0775ms)
  ✔ PATCH /api/v1/PromotionProducts/5 (0.085791ms)
  ✔ DELETE /api/v1/PromotionProducts/6 (0.042625ms)
  ✔ POST /api/v1/BannerPlacements (0.068292ms)
  ✔ PUT /api/v1/BannerPlacements/4 (0.069167ms)
  ✔ PATCH /api/v1/BannerPlacements/5 (0.084916ms)
  ✔ DELETE /api/v1/BannerPlacements/6 (0.041667ms)
  ✔ POST /api/v1/SupportTickets (0.221958ms)
  ✔ PUT /api/v1/SupportTickets/4 (0.202708ms)
  ✔ PATCH /api/v1/SupportTickets/5 (0.205375ms)
  ✔ DELETE /api/v1/SupportTickets/6 (0.057541ms)
  ✔ POST /api/v1/TicketReplies (0.097667ms)
  ✔ PUT /api/v1/TicketReplies/4 (0.101875ms)
  ✔ PATCH /api/v1/TicketReplies/5 (0.090541ms)
  ✔ DELETE /api/v1/TicketReplies/6 (0.042084ms)
✔ resource mutations match Hono status codes, bodies, and empty-delete shape (60.411792ms)
✔ known and unknown 404 responses are wire-compatible with Hono (0.369ms)
✔ CORS preflight remains compatible with Hono (0.184708ms)
ℹ tests 1490
ℹ suites 0
ℹ pass 1490
ℹ fail 0
ℹ cancelled 0
ℹ skipped 0
ℹ todo 0
ℹ duration_ms 987.59075
